Archive member included to satisfy reference by file (symbol)

/Applications/ArmGNUToolchain/14.3.rel1/arm-none-eabi/bin/../lib/gcc/arm-none-eabi/14.3.1/thumb/v7e-m+fp/hard/libgcc.a(_arm_muldf3.o)
                              CMakeFiles/IAP_F411.elf.dir/BSP/POWER/power.c.obj (__aeabi_dmul)
/Applications/ArmGNUToolchain/14.3.rel1/arm-none-eabi/bin/../lib/gcc/arm-none-eabi/14.3.1/thumb/v7e-m+fp/hard/libgcc.a(_arm_addsubdf3.o)
                              CMakeFiles/IAP_F411.elf.dir/BSP/POWER/power.c.obj (__aeabi_dsub)
/Applications/ArmGNUToolchain/14.3.rel1/arm-none-eabi/bin/../lib/gcc/arm-none-eabi/14.3.1/thumb/v7e-m+fp/hard/libgcc.a(_arm_cmpdf2.o)
                              CMakeFiles/IAP_F411.elf.dir/BSP/POWER/power.c.obj (__aeabi_dcmpge)
/Applications/ArmGNUToolchain/14.3.rel1/arm-none-eabi/bin/../lib/gcc/arm-none-eabi/14.3.1/thumb/v7e-m+fp/hard/libgcc.a(_arm_truncdfsf2.o)
                              CMakeFiles/IAP_F411.elf.dir/BSP/POWER/power.c.obj (__aeabi_d2f)
/Applications/ArmGNUToolchain/14.3.rel1/arm-none-eabi/bin/../lib/gcc/arm-none-eabi/14.3.1/thumb/v7e-m+fp/hard/libgcc.a(_aeabi_uldivmod.o)
                              CMakeFiles/IAP_F411.elf.dir/Drivers/STM32F4xx_HAL_Driver/Src/stm32f4xx_hal_rcc.c.obj (__aeabi_uldivmod)
/Applications/ArmGNUToolchain/14.3.rel1/arm-none-eabi/bin/../lib/gcc/arm-none-eabi/14.3.1/thumb/v7e-m+fp/hard/libgcc.a(_udivmoddi4.o)
                              /Applications/ArmGNUToolchain/14.3.rel1/arm-none-eabi/bin/../lib/gcc/arm-none-eabi/14.3.1/thumb/v7e-m+fp/hard/libgcc.a(_aeabi_uldivmod.o) (__udivmoddi4)
/Applications/ArmGNUToolchain/14.3.rel1/arm-none-eabi/bin/../lib/gcc/arm-none-eabi/14.3.1/thumb/v7e-m+fp/hard/libgcc.a(_dvmd_tls.o)
                              /Applications/ArmGNUToolchain/14.3.rel1/arm-none-eabi/bin/../lib/gcc/arm-none-eabi/14.3.1/thumb/v7e-m+fp/hard/libgcc.a(_aeabi_uldivmod.o) (__aeabi_ldiv0)
/Applications/ArmGNUToolchain/14.3.rel1/arm-none-eabi/bin/../lib/gcc/arm-none-eabi/14.3.1/../../../../arm-none-eabi/lib/thumb/v7e-m+fp/hard/libc_nano.a(libc_a-exit.o)
                              /Applications/ArmGNUToolchain/14.3.rel1/arm-none-eabi/bin/../lib/gcc/arm-none-eabi/14.3.1/../../../../arm-none-eabi/lib/thumb/v7e-m+fp/hard/crt0.o (exit)
/Applications/ArmGNUToolchain/14.3.rel1/arm-none-eabi/bin/../lib/gcc/arm-none-eabi/14.3.1/../../../../arm-none-eabi/lib/thumb/v7e-m+fp/hard/libc_nano.a(libc_a-findfp.o)
                              /Applications/ArmGNUToolchain/14.3.rel1/arm-none-eabi/bin/../lib/gcc/arm-none-eabi/14.3.1/../../../../arm-none-eabi/lib/thumb/v7e-m+fp/hard/libc_nano.a(libc_a-exit.o) (__stdio_exit_handler)
/Applications/ArmGNUToolchain/14.3.rel1/arm-none-eabi/bin/../lib/gcc/arm-none-eabi/14.3.1/../../../../arm-none-eabi/lib/thumb/v7e-m+fp/hard/libc_nano.a(libc_a-fwalk.o)
                              /Applications/ArmGNUToolchain/14.3.rel1/arm-none-eabi/bin/../lib/gcc/arm-none-eabi/14.3.1/../../../../arm-none-eabi/lib/thumb/v7e-m+fp/hard/libc_nano.a(libc_a-findfp.o) (_fwalk_sglue)
/Applications/ArmGNUToolchain/14.3.rel1/arm-none-eabi/bin/../lib/gcc/arm-none-eabi/14.3.1/../../../../arm-none-eabi/lib/thumb/v7e-m+fp/hard/libc_nano.a(libc_a-puts.o)
                              CMakeFiles/IAP_F411.elf.dir/Core/Src/main.c.obj (puts)
/Applications/ArmGNUToolchain/14.3.rel1/arm-none-eabi/bin/../lib/gcc/arm-none-eabi/14.3.1/../../../../arm-none-eabi/lib/thumb/v7e-m+fp/hard/libc_nano.a(libc_a-memset.o)
                              /Applications/ArmGNUToolchain/14.3.rel1/arm-none-eabi/bin/../lib/gcc/arm-none-eabi/14.3.1/../../../../arm-none-eabi/lib/thumb/v7e-m+fp/hard/crt0.o (memset)
/Applications/ArmGNUToolchain/14.3.rel1/arm-none-eabi/bin/../lib/gcc/arm-none-eabi/14.3.1/../../../../arm-none-eabi/lib/thumb/v7e-m+fp/hard/libc_nano.a(libc_a-strcat.o)
                              CMakeFiles/IAP_F411.elf.dir/Core/Src/main.c.obj (strcat)
/Applications/ArmGNUToolchain/14.3.rel1/arm-none-eabi/bin/../lib/gcc/arm-none-eabi/14.3.1/../../../../arm-none-eabi/lib/thumb/v7e-m+fp/hard/libc_nano.a(libc_a-init.o)
                              /Applications/ArmGNUToolchain/14.3.rel1/arm-none-eabi/bin/../lib/gcc/arm-none-eabi/14.3.1/../../../../arm-none-eabi/lib/thumb/v7e-m+fp/hard/crt0.o (__libc_init_array)
/Applications/ArmGNUToolchain/14.3.rel1/arm-none-eabi/bin/../lib/gcc/arm-none-eabi/14.3.1/../../../../arm-none-eabi/lib/thumb/v7e-m+fp/hard/libc_nano.a(libc_a-lock.o)
                              /Applications/ArmGNUToolchain/14.3.rel1/arm-none-eabi/bin/../lib/gcc/arm-none-eabi/14.3.1/../../../../arm-none-eabi/lib/thumb/v7e-m+fp/hard/libc_nano.a(libc_a-findfp.o) (__retarget_lock_init_recursive)
/Applications/ArmGNUToolchain/14.3.rel1/arm-none-eabi/bin/../lib/gcc/arm-none-eabi/14.3.1/../../../../arm-none-eabi/lib/thumb/v7e-m+fp/hard/libc_nano.a(libc_a-impure.o)
[...]
Memory Configuration

Name             Origin             Length             Attributes
FLASH            0x08000000         0x00008000         xr
RAM              0x20000000         0x00020000         xrw
*default*        0x00000000         0xffffffff

Linker script and memory map

LOAD /Applications/ArmGNUToolchain/14.3.rel1/arm-none-eabi/bin/../lib/gcc/arm-none-eabi/14.3.1/thumb/v7e-m+fp/hard/crti.o
LOAD /Applications/ArmGNUToolchain/14.3.rel1/arm-none-eabi/bin/../lib/gcc/arm-none-eabi/14.3.1/thumb/v7e-m+fp/hard/crtbegin.o
LOAD /Applications/ArmGNUToolchain/14.3.rel1/arm-none-eabi/bin/../lib/gcc/arm-none-eabi/14.3.1/../../../../arm-none-eabi/lib/thumb/v7e-m+fp/hard/crt0.o
LOAD CMakeFiles/IAP_F411.elf.dir/BSP/KEY/key.c.obj
LOAD CMakeFiles/IAP_F411.elf.dir/BSP/KT6328/KT6328.c.obj
LOAD CMakeFiles/IAP_F411.elf.dir/BSP/LCD/lcd.c.obj
LOAD CMakeFiles/IAP_F411.elf.dir/BSP/LCD/lcd_init.c.obj
LOAD CMakeFiles/IAP_F411.elf.dir/BSP/POWER/power.c.obj
LOAD CMakeFiles/IAP_F411.elf.dir/Core/Src/adc.c.obj
LOAD CMakeFiles/IAP_F411.elf.dir/Core/Src/gpio.c.obj
LOAD CMakeFiles/IAP_F411.elf.dir/Core/Src/main.c.obj
LOAD CMakeFiles/IAP_F411.elf.dir/Core/Src/spi.c.obj
LOAD CMakeFiles/IAP_F411.elf.dir/Core/Src/stm32f4xx_hal_msp.c.obj
LOAD CMakeFiles/IAP_F411.elf.dir/Core/Src/stm32f4xx_it.c.obj
LOAD CMakeFiles/IAP_F411.elf.dir/Core/Src/system_stm32f4xx.c.obj
LOAD CMakeFiles/IAP_F411.elf.dir/Core/Src/tim.c.obj
LOAD CMakeFiles/IAP_F411.elf.dir/Core/Src/usart.c.obj
LOAD CMakeFiles/IAP_F411.elf.dir/Drivers/STM32F4xx_HAL_Driver/Src/stm32f4xx_hal.c.obj
LOAD CMakeFiles/IAP_F411.elf.dir/Drivers/STM32F4xx_HAL_Driver/Src/stm32f4xx_hal_adc.c.obj
LOAD CMakeFiles/IAP_F411.elf.dir/Drivers/STM32F4xx_HAL_Driver/Src/stm32f4xx_hal_adc_ex.c.obj
LOAD CMakeFiles/IAP_F411.elf.dir/Drivers/STM32F4xx_HAL_Driver/Src/stm32f4xx_hal_cortex.c.obj
LOAD CMakeFiles/IAP_F411.elf.dir/Drivers/STM32F4xx_HAL_Driver/Src/stm32f4xx_hal_dma.c.obj
LOAD CMakeFiles/IAP_F411.elf.dir/Drivers/STM32F4xx_HAL_Driver/Src/stm32f4xx_hal_dma_ex.c.obj
LOAD CMakeFiles/IAP_F411.elf.dir/Drivers/STM32F4xx_HAL_Driver/Src/stm32f4xx_hal_exti.c.obj
LOAD CMakeFiles/IAP_F411.elf.dir/Drivers/STM32F4xx_HAL_Driver/Src/stm32f4xx_hal_flash.c.obj
LOAD CMakeFiles/IAP_F411.elf.dir/Drivers/STM32F4xx_HAL_Driver/Src/stm32f4xx_hal_flash_ex.c.obj
LOAD CMakeFiles/IAP_F411.elf.dir/Drivers/STM32F4xx_HAL_Driver/Src/stm32f4xx_hal_flash_ramfunc.c.obj
LOAD CMakeFiles/IAP_F411.elf.dir/Drivers/STM32F4xx_HAL_Driver/Src/stm32f4xx_hal_gpio.c.obj
LOAD CMakeFiles/IAP_F411.elf.dir/Drivers/STM32F4xx_HAL_Driver/Src/stm32f4xx_hal_pwr.c.obj
LOAD CMakeFiles/IAP_F411.elf.dir/Drivers/STM32F4xx_HAL_Driver/Src/stm32f4xx_hal_pwr_ex.c.obj
LOAD CMakeFiles/IAP_F411.elf.dir/Drivers/STM32F4xx_HAL_Driver/Src/stm32f4xx_hal_rcc.c.obj
LOAD CMakeFiles/IAP_F411.elf.dir/Drivers/STM32F4xx_HAL_Driver/Src/stm32f4xx_hal_rcc_ex.c.obj
LOAD CMakeFiles/IAP_F411.elf.dir/Drivers/STM32F4xx_HAL_Driver/Src/stm32f4xx_hal_spi.c.obj
LOAD CMakeFiles/IAP_F411.elf.dir/Drivers/STM32F4xx_HAL_Driver/Src/stm32f4xx_hal_tim.c.obj
LOAD CMakeFiles/IAP_F411.elf.dir/Drivers/STM32F4xx_HAL_Driver/Src/stm32f4xx_hal_tim_ex.c.obj
LOAD CMakeFiles/IAP_F411.elf.dir/Drivers/STM32F4xx_HAL_Driver/Src/stm32f4xx_hal_uart.c.obj
LOAD CMakeFiles/IAP_F411.elf.dir/Drivers/STM32F4xx_HAL_Driver/Src/stm32f4xx_ll_adc.c.obj
LOAD CMakeFiles/IAP_F411.elf.dir/SYSTEM/delay.c.obj
LOAD CMakeFiles/IAP_F411.elf.dir/Ymodem/common.c.obj
LOAD CMakeFiles/IAP_F411.elf.dir/Ymodem/flash_if.c.obj
LOAD CMakeFiles/IAP_F411.elf.dir/Ymodem/menu.c.obj
LOAD CMakeFiles/IAP_F411.elf.dir/Ymodem/ymodem.c.obj
LOAD CMakeFiles/IAP_F411.elf.dir/startup_stm32f411xe_gcc.s.obj
START GROUP
LOAD /Applications/ArmGNUToolchain/14.3.rel1/arm-none-eabi/bin/../lib/gcc/arm-none-eabi/14.3.1/thumb/v7e-m+fp/hard/libgcc.a
LOAD /Applications/ArmGNUToolchain/14.3.rel1/arm-none-eabi/bin/../lib/gcc/arm-none-eabi/14.3.1/../../../../arm-none-eabi/lib/thumb/v7e-m+fp/hard/libc_nano.a
END GROUP
START GROUP
LOAD /Applications/ArmGNUToolchain/14.3.rel1/arm-none-eabi/bin/../lib/gcc/arm-none-eabi/14.3.1/thumb/v7e-m+fp/hard/libgcc.a
LOAD /Applications/ArmGNUToolchain/14.3.rel1/arm-none-eabi/bin/../lib/gcc/arm-none-eabi/14.3.1/../../../../arm-none-eabi/lib/thumb/v7e-m+fp/hard/libc_nano.a
LOAD /Applications/ArmGNUToolchain/14.3.rel1/arm-none-eabi/bin/../lib/gcc/arm-none-eabi/14.3.1/../../../../arm-none-eabi/lib/thumb/v7e-m+fp/hard/libnosys.a
END GROUP
START GROUP
LOAD /Applications/ArmGNUToolchain/14.3.rel1/arm-none-eabi/bin/../lib/gcc/arm-none-eabi/14.3.1/thumb/v7e-m+fp/hard/libgcc.a
LOAD /Applications/ArmGNUToolchain/14.3.rel1/arm-none-eabi/bin/../lib/gcc/arm-none-eabi/14.3.1/../../../../arm-none-eabi/lib/thumb/v7e-m+fp/hard/libc_nano.a
LOAD /Applications/ArmGNUToolchain/14.3.rel1/arm-none-eabi/bin/../lib/gcc/arm-none-eabi/14.3.1/../../../../arm-none-eabi/lib/thumb/v7e-m+fp/hard/libnosys.a
END GROUP
LOAD /Applications/ArmGNUToolchain/14.3.rel1/arm-none-eabi/bin/../lib/gcc/arm-none-eabi/14.3.1/thumb/v7e-m+fp/hard/crtend.o
LOAD /Applications/ArmGNUToolchain/14.3.rel1/arm-none-eabi/bin/../lib/gcc/arm-none-eabi/14.3.1/thumb/v7e-m+fp/hard/crtn.o
                0x20020000                        _estack = (ORIGIN (RAM) + LENGTH (RAM))

.isr_vector     0x08000000      0x184
                0x08000000                        . = ALIGN (0x4)
 *(.isr_vector)
 .isr_vector    0x08000000      0x184 CMakeFiles/IAP_F411.elf.dir/startup_stm32f411xe_gcc.s.obj
                0x08000000                g_pfnVectors
                0x08000184                        . = ALIGN (0x4)

.text           0x08000184     0x70a4
                0x08000184                        . = ALIGN (0x4)
 *(.text)
 .text          0x08000184       0x30 /Applications/ArmGNUToolchain/14.3.rel1/arm-none-eabi/bin/../lib/gcc/arm-none-eabi/14.3.1/thumb/v7e-m+fp/hard/libgcc.a(_aeabi_uldivmod.o)
                0x08000184                __aeabi_uldivmod
 .text          0x080001b4        0x4 /Applications/ArmGNUToolchain/14.3.rel1/arm-none-eabi/bin/../lib/gcc/arm-none-eabi/14.3.1/thumb/v7e-m+fp/hard/libgcc.a(_dvmd_tls.o)
                0x080001b4                __aeabi_ldiv0
                0x080001b4                __aeabi_idiv0
 .text          0x080001b8       0x14 /Applications/ArmGNUToolchain/14.3.rel1/arm-none-eabi/bin/../lib/gcc/arm-none-eabi/14.3.1/../../../../arm-none-eabi/lib/thumb/v7e-m+fp/hard/libc_nano.a(libc_a-strcmp.o)
                0x080001b8                strcmp
 *(.text*)
 .text.Key_Port_Init
                0x080001cc       0x58 CMakeFiles/IAP_F411.elf.dir/BSP/KEY/key.c.obj
                0x080001cc                Key_Port_Init
 .text.KT6328_GPIO_Init
                0x08000224       0x54 CMakeFiles/IAP_F411.elf.dir/BSP/KT6328/KT6328.c.obj
                0x08000224                KT6328_GPIO_Init
 .text.KT6328_Enable
                0x08000278       0x10 CMakeFiles/IAP_F411.elf.dir/BSP/KT6328/KT6328.c.obj
                0x08000278                KT6328_Enable
 .text.LCD_Fill
                0x08000288       0x40 CMakeFiles/IAP_F411.elf.dir/BSP/LCD/lcd.c.obj
                0x08000288                LCD_Fill
 .text.LCD_DrawPoint
                0x080002c8       0x16 CMakeFiles/IAP_F411.elf.dir/BSP/LCD/lcd.c.obj
                0x080002c8                LCD_DrawPoint
 *fill*         0x080002de        0x2 
 .text.LCD_ShowChar
                0x080002e0      0x114 CMakeFiles/IAP_F411.elf.dir/BSP/LCD/lcd.c.obj
                0x080002e0                LCD_ShowChar
 .text.LCD_ShowString
                0x080003f4       0x42 CMakeFiles/IAP_F411.elf.dir/BSP/LCD/lcd.c.obj
                0x080003f4                LCD_ShowString
 *fill*         0x08000436        0x2 
 .text.LCD_GPIO_Init
                0x08000438       0x50 CMakeFiles/IAP_F411.elf.dir/BSP/LCD/lcd_init.c.obj
                0x08000438                LCD_GPIO_Init
 .text.LCD_Writ_Bus
                0x08000488       0x20 CMakeFiles/IAP_F411.elf.dir/BSP/LCD/lcd_init.c.obj
                0x08000488                LCD_Writ_Bus
 .text.LCD_WR_DATA
                0x080004a8       0x20 CMakeFiles/IAP_F411.elf.dir/BSP/LCD/lcd_init.c.obj
                0x080004a8                LCD_WR_DATA
 .text.LCD_WR_REG
                0x080004c8       0x2c CMakeFiles/IAP_F411.elf.dir/BSP/LCD/lcd_init.c.obj
                0x080004c8                LCD_WR_REG
 .text.LCD_Address_Set
                0x080004f4       0x38 CMakeFiles/IAP_F411.elf.dir/BSP/LCD/lcd_init.c.obj
                0x080004f4                LCD_Address_Set
 .text.LCD_Set_Light
                0x0800052c       0x18 CMakeFiles/IAP_F411.elf.dir/BSP/LCD/lcd_init.c.obj
                0x0800052c                LCD_Set_Light
 .text.LCD_Init
                0x08000544      0x1a8 CMakeFiles/IAP_F411.elf.dir/BSP/LCD/lcd_init.c.obj
                0x08000544                LCD_Init
 .text.Power_Pins_Init
                0x080006ec       0x74 CMakeFiles/IAP_F411.elf.dir/BSP/POWER/power.c.obj
                0x080006ec                Power_Pins_Init
 .text.Power_Enable
                0x08000760       0x10 CMakeFiles/IAP_F411.elf.dir/BSP/POWER/power.c.obj
                0x08000760                Power_Enable
 .text.Power_DisEnable
                0x08000770       0x10 CMakeFiles/IAP_F411.elf.dir/BSP/POWER/power.c.obj
                0x08000770                Power_DisEnable
 .text.Power_Init
                0x08000780        0xe CMakeFiles/IAP_F411.elf.dir/BSP/POWER/power.c.obj
                0x08000780                Power_Init
 *fill*         0x0800078e        0x2 
 .text.MX_ADC1_Init
                0x08000790       0x6c CMakeFiles/IAP_F411.elf.dir/Core/Src/adc.c.obj
                0x08000790                MX_ADC1_Init
 .text.HAL_ADC_MspInit
                0x080007fc       0x64 CMakeFiles/IAP_F411.elf.dir/Core/Src/adc.c.obj
                0x080007fc                HAL_ADC_MspInit
 .text.MX_GPIO_Init
                0x08000860       0x38 CMakeFiles/IAP_F411.elf.dir/Core/Src/gpio.c.obj
                0x08000860                MX_GPIO_Init
 .text.SystemClock_Config
                0x08000898       0x9c CMakeFiles/IAP_F411.elf.dir/Core/Src/main.c.obj
                0x08000898                SystemClock_Config
 .text.startup.main
                0x08000934      0x1dc CMakeFiles/IAP_F411.elf.dir/Core/Src/main.c.obj
                0x08000934                main
 .text.Error_Handler
                0x08000b10        0x4 CMakeFiles/IAP_F411.elf.dir/Core/Src/main.c.obj
                0x08000b10                Error_Handler
 .text.MX_SPI1_Init
                0x08000b14       0x48 CMakeFiles/IAP_F411.elf.dir/Core/Src/spi.c.obj
                0x08000b14                MX_SPI1_Init
 .text.HAL_SPI_MspInit
                0x08000b5c       0x6c CMakeFiles/IAP_F411.elf.dir/Core/Src/spi.c.obj
                0x08000b5c                HAL_SPI_MspInit
 .text.HAL_MspInit
                0x08000bc8       0x38 CMakeFiles/IAP_F411.elf.dir/Core/Src/stm32f4xx_hal_msp.c.obj
                0x08000bc8                HAL_MspInit
 .text.NMI_Handler
                0x08000c00        0x2 CMakeFiles/IAP_F411.elf.dir/Core/Src/stm32f4xx_it.c.obj
                0x08000c00                NMI_Handler
 .text.HardFault_Handler
                0x08000c02        0x2 CMakeFiles/IAP_F411.elf.dir/Core/Src/stm32f4xx_it.c.obj
                0x08000c02                HardFault_Handler
 .text.MemManage_Handler
                0x08000c04        0x2 CMakeFiles/IAP_F411.elf.dir/Core/Src/stm32f4xx_it.c.obj
                0x08000c04                MemManage_Handler
 .text.BusFault_Handler
                0x08000c06        0x2 CMakeFiles/IAP_F411.elf.dir/Core/Src/stm32f4xx_it.c.obj
                0x08000c06                BusFault_Handler
 .text.UsageFault_Handler
                0x08000c08        0x2 CMakeFiles/IAP_F411.elf.dir/Core/Src/stm32f4xx_it.c.obj
                0x08000c08                UsageFault_Handler
 .text.SVC_Handler
                0x08000c0a        0x2 CMakeFiles/IAP_F411.elf.dir/Core/Src/stm32f4xx_it.c.obj
                0x08000c0a                SVC_Handler
 .text.DebugMon_Handler
                0x08000c0c        0x2 CMakeFiles/IAP_F411.elf.dir/Core/Src/stm32f4xx_it.c.obj
                0x08000c0c                DebugMon_Handler
 .text.PendSV_Handler
                0x08000c0e        0x2 CMakeFiles/IAP_F411.elf.dir/Core/Src/stm32f4xx_it.c.obj
                0x08000c0e                PendSV_Handler
 .text.SysTick_Handler
                0x08000c10       0x44 CMakeFiles/IAP_F411.elf.dir/Core/Src/stm32f4xx_it.c.obj
                0x08000c10                SysTick_Handler
 .text.EXTI2_IRQHandler
                0x08000c54        0x6 CMakeFiles/IAP_F411.elf.dir/Core/Src/stm32f4xx_it.c.obj
                0x08000c54                EXTI2_IRQHandler
 *fill*         0x08000c5a        0x2 
 .text.SystemInit
                0x08000c5c       0x14 CMakeFiles/IAP_F411.elf.dir/Core/Src/system_stm32f4xx.c.obj
                0x08000c5c                SystemInit
 .text.HAL_TIM_PWM_MspInit
                0x08000c70       0x30 CMakeFiles/IAP_F411.elf.dir/Core/Src/tim.c.obj
                0x08000c70                HAL_TIM_PWM_MspInit
 .text.HAL_TIM_MspPostInit
                0x08000ca0       0x54 CMakeFiles/IAP_F411.elf.dir/Core/Src/tim.c.obj
                0x08000ca0                HAL_TIM_MspPostInit
 .text.MX_TIM3_Init
                0x08000cf4       0x78 CMakeFiles/IAP_F411.elf.dir/Core/Src/tim.c.obj
                0x08000cf4                MX_TIM3_Init
 .text.MX_USART1_UART_Init
                0x08000d6c       0x38 CMakeFiles/IAP_F411.elf.dir/Core/Src/usart.c.obj
                0x08000d6c                MX_USART1_UART_Init
 .text.HAL_UART_MspInit
                0x08000da4       0x6c CMakeFiles/IAP_F411.elf.dir/Core/Src/usart.c.obj
                0x08000da4                HAL_UART_MspInit
 .text.HAL_InitTick
                0x08000e10       0x48 CMakeFiles/IAP_F411.elf.dir/Drivers/STM32F4xx_HAL_Driver/Src/stm32f4xx_hal.c.obj
                0x08000e10                HAL_InitTick
 .text.HAL_Init
                0x08000e58       0x34 CMakeFiles/IAP_F411.elf.dir/Drivers/STM32F4xx_HAL_Driver/Src/stm32f4xx_hal.c.obj
                0x08000e58                HAL_Init
 .text.HAL_IncTick
                0x08000e8c       0x18 CMakeFiles/IAP_F411.elf.dir/Drivers/STM32F4xx_HAL_Driver/Src/stm32f4xx_hal.c.obj
                0x08000e8c                HAL_IncTick
 .text.HAL_GetTick
                0x08000ea4        0xc CMakeFiles/IAP_F411.elf.dir/Drivers/STM32F4xx_HAL_Driver/Src/stm32f4xx_hal.c.obj
                0x08000ea4                HAL_GetTick
 .text.HAL_Delay
                0x08000eb0       0x28 CMakeFiles/IAP_F411.elf.dir/Drivers/STM32F4xx_HAL_Driver/Src/stm32f4xx_hal.c.obj
                0x08000eb0                HAL_Delay
 .text.HAL_ADC_Init
                0x08000ed8      0x14c CMakeFiles/IAP_F411.elf.dir/Drivers/STM32F4xx_HAL_Driver/Src/stm32f4xx_hal_adc.c.obj
                0x08000ed8                HAL_ADC_Init
 .text.HAL_ADC_ConfigChannel
                0x08001024      0x138 CMakeFiles/IAP_F411.elf.dir/Drivers/STM32F4xx_HAL_Driver/Src/stm32f4xx_hal_adc.c.obj
                0x08001024                HAL_ADC_ConfigChannel
 .text.HAL_NVIC_SetPriorityGrouping
                0x0800115c       0x24 CMakeFiles/IAP_F411.elf.dir/Drivers/STM32F4xx_HAL_Driver/Src/stm32f4xx_hal_cortex.c.obj
                0x0800115c                HAL_NVIC_SetPriorityGrouping
 .text.HAL_NVIC_SetPriority
                0x08001180       0x64 CMakeFiles/IAP_F411.elf.dir/Drivers/STM32F4xx_HAL_Driver/Src/stm32f4xx_hal_cortex.c.obj
                0x08001180                HAL_NVIC_SetPriority
 .text.HAL_NVIC_EnableIRQ
                0x080011e4       0x1c CMakeFiles/IAP_F411.elf.dir/Drivers/STM32F4xx_HAL_Driver/Src/stm32f4xx_hal_cortex.c.obj
                0x080011e4                HAL_NVIC_EnableIRQ
 .text.HAL_SYSTICK_Config
                0x08001200       0x28 CMakeFiles/IAP_F411.elf.dir/Drivers/STM32F4xx_HAL_Driver/Src/stm32f4xx_hal_cortex.c.obj
                0x08001200                HAL_SYSTICK_Config
 .text.HAL_SYSTICK_CLKSourceConfig
                0x08001228       0x16 CMakeFiles/IAP_F411.elf.dir/Drivers/STM32F4xx_HAL_Driver/Src/stm32f4xx_hal_cortex.c.obj
                0x08001228                HAL_SYSTICK_CLKSourceConfig
 *fill*         0x0800123e        0x2 
 .text.FLASH_SetErrorCode
                0x08001240       0x8c CMakeFiles/IAP_F411.elf.dir/Drivers/STM32F4xx_HAL_Driver/Src/stm32f4xx_hal_flash.c.obj
 .text.HAL_FLASH_Unlock
                0x080012cc       0x24 CMakeFiles/IAP_F411.elf.dir/Drivers/STM32F4xx_HAL_Driver/Src/stm32f4xx_hal_flash.c.obj
                0x080012cc                HAL_FLASH_Unlock
 .text.FLASH_WaitForLastOperation
                0x080012f0       0x50 CMakeFiles/IAP_F411.elf.dir/Drivers/STM32F4xx_HAL_Driver/Src/stm32f4xx_hal_flash.c.obj
                0x080012f0                FLASH_WaitForLastOperation
 .text.HAL_FLASH_OB_Launch
                0x08001340       0x18 CMakeFiles/IAP_F411.elf.dir/Drivers/STM32F4xx_HAL_Driver/Src/stm32f4xx_hal_flash.c.obj
                0x08001340                HAL_FLASH_OB_Launch
 .text.FLASH_MassErase.isra.0
                0x08001358       0x24 CMakeFiles/IAP_F411.elf.dir/Drivers/STM32F4xx_HAL_Driver/Src/stm32f4xx_hal_flash_ex.c.obj
 .text.FLASH_Erase_Sector
                0x0800137c       0x3c CMakeFiles/IAP_F411.elf.dir/Drivers/STM32F4xx_HAL_Driver/Src/stm32f4xx_hal_flash_ex.c.obj
                0x0800137c                FLASH_Erase_Sector
 .text.FLASH_FlushCaches
                0x080013b8       0x58 CMakeFiles/IAP_F411.elf.dir/Drivers/STM32F4xx_HAL_Driver/Src/stm32f4xx_hal_flash_ex.c.obj
                0x080013b8                FLASH_FlushCaches
 .text.HAL_FLASHEx_Erase
                0x08001410       0xa0 CMakeFiles/IAP_F411.elf.dir/Drivers/STM32F4xx_HAL_Driver/Src/stm32f4xx_hal_flash_ex.c.obj
                0x08001410                HAL_FLASHEx_Erase
 .text.HAL_GPIO_Init
                0x080014b0      0x18c CMakeFiles/IAP_F411.elf.dir/Drivers/STM32F4xx_HAL_Driver/Src/stm32f4xx_hal_gpio.c.obj
                0x080014b0                HAL_GPIO_Init
 .text.HAL_GPIO_ReadPin
                0x0800163c        0xc CMakeFiles/IAP_F411.elf.dir/Drivers/STM32F4xx_HAL_Driver/Src/stm32f4xx_hal_gpio.c.obj
                0x0800163c                HAL_GPIO_ReadPin
 .text.HAL_GPIO_WritePin
                0x08001648        0xa CMakeFiles/IAP_F411.elf.dir/Drivers/STM32F4xx_HAL_Driver/Src/stm32f4xx_hal_gpio.c.obj
                0x08001648                HAL_GPIO_WritePin
 .text.HAL_GPIO_EXTI_Callback
                0x08001652        0x2 CMakeFiles/IAP_F411.elf.dir/Drivers/STM32F4xx_HAL_Driver/Src/stm32f4xx_hal_gpio.c.obj
                0x08001652                HAL_GPIO_EXTI_Callback
 .text.HAL_GPIO_EXTI_IRQHandler
                0x08001654       0x18 CMakeFiles/IAP_F411.elf.dir/Drivers/STM32F4xx_HAL_Driver/Src/stm32f4xx_hal_gpio.c.obj
                0x08001654                HAL_GPIO_EXTI_IRQHandler
 .text.HAL_RCC_OscConfig
                0x0800166c      0x35c CMakeFiles/IAP_F411.elf.dir/Drivers/STM32F4xx_HAL_Driver/Src/stm32f4xx_hal_rcc.c.obj
                0x0800166c                HAL_RCC_OscConfig
 .text.HAL_RCC_GetSysClockFreq
                0x080019c8       0x5c CMakeFiles/IAP_F411.elf.dir/Drivers/STM32F4xx_HAL_Driver/Src/stm32f4xx_hal_rcc.c.obj
                0x080019c8                HAL_RCC_GetSysClockFreq
 .text.HAL_RCC_ClockConfig
                0x08001a24      0x134 CMakeFiles/IAP_F411.elf.dir/Drivers/STM32F4xx_HAL_Driver/Src/stm32f4xx_hal_rcc.c.obj
                0x08001a24                HAL_RCC_ClockConfig
 .text.HAL_RCC_GetPCLK1Freq
                0x08001b58       0x20 CMakeFiles/IAP_F411.elf.dir/Drivers/STM32F4xx_HAL_Driver/Src/stm32f4xx_hal_rcc.c.obj
                0x08001b58                HAL_RCC_GetPCLK1Freq
 .text.HAL_RCC_GetPCLK2Freq
                0x08001b78       0x20 CMakeFiles/IAP_F411.elf.dir/Drivers/STM32F4xx_HAL_Driver/Src/stm32f4xx_hal_rcc.c.obj
                0x08001b78                HAL_RCC_GetPCLK2Freq
 .text.SPI_WaitFlagStateUntilTimeout.constprop.0
                0x08001b98       0xb0 CMakeFiles/IAP_F411.elf.dir/Drivers/STM32F4xx_HAL_Driver/Src/stm32f4xx_hal_spi.c.obj
 .text.SPI_EndRxTxTransaction
                0x08001c48       0x58 CMakeFiles/IAP_F411.elf.dir/Drivers/STM32F4xx_HAL_Driver/Src/stm32f4xx_hal_spi.c.obj
 .text.HAL_SPI_Init
                0x08001ca0       0xb8 CMakeFiles/IAP_F411.elf.dir/Drivers/STM32F4xx_HAL_Driver/Src/stm32f4xx_hal_spi.c.obj
                0x08001ca0                HAL_SPI_Init
 .text.HAL_SPI_Transmit
                0x08001d58      0x15a CMakeFiles/IAP_F411.elf.dir/Drivers/STM32F4xx_HAL_Driver/Src/stm32f4xx_hal_spi.c.obj
                0x08001d58                HAL_SPI_Transmit
 *fill*         0x08001eb2        0x2 
 .text.TIM_OC1_SetConfig
                0x08001eb4       0x50 CMakeFiles/IAP_F411.elf.dir/Drivers/STM32F4xx_HAL_Driver/Src/stm32f4xx_hal_tim.c.obj
 .text.TIM_OC3_SetConfig
                0x08001f04       0x54 CMakeFiles/IAP_F411.elf.dir/Drivers/STM32F4xx_HAL_Driver/Src/stm32f4xx_hal_tim.c.obj
 .text.TIM_OC4_SetConfig
                0x08001f58       0x44 CMakeFiles/IAP_F411.elf.dir/Drivers/STM32F4xx_HAL_Driver/Src/stm32f4xx_hal_tim.c.obj
 .text.TIM_Base_SetConfig
                0x08001f9c       0x78 CMakeFiles/IAP_F411.elf.dir/Drivers/STM32F4xx_HAL_Driver/Src/stm32f4xx_hal_tim.c.obj
                0x08001f9c                TIM_Base_SetConfig
 .text.HAL_TIM_PWM_Init
                0x08002014       0x58 CMakeFiles/IAP_F411.elf.dir/Drivers/STM32F4xx_HAL_Driver/Src/stm32f4xx_hal_tim.c.obj
                0x08002014                HAL_TIM_PWM_Init
 .text.TIM_OC2_SetConfig
                0x0800206c       0x58 CMakeFiles/IAP_F411.elf.dir/Drivers/STM32F4xx_HAL_Driver/Src/stm32f4xx_hal_tim.c.obj
                0x0800206c                TIM_OC2_SetConfig
 .text.HAL_TIM_PWM_ConfigChannel
                0x080020c4       0xb0 CMakeFiles/IAP_F411.elf.dir/Drivers/STM32F4xx_HAL_Driver/Src/stm32f4xx_hal_tim.c.obj
                0x080020c4                HAL_TIM_PWM_ConfigChannel
 .text.TIM_CCxChannelCmd
                0x08002174       0x1c CMakeFiles/IAP_F411.elf.dir/Drivers/STM32F4xx_HAL_Driver/Src/stm32f4xx_hal_tim.c.obj
                0x08002174                TIM_CCxChannelCmd
 .text.HAL_TIM_OC_Start
                0x08002190       0xac CMakeFiles/IAP_F411.elf.dir/Drivers/STM32F4xx_HAL_Driver/Src/stm32f4xx_hal_tim.c.obj
                0x08002190                HAL_TIM_OC_Start
 .text.HAL_TIM_PWM_Start
                0x0800223c        0x4 CMakeFiles/IAP_F411.elf.dir/Drivers/STM32F4xx_HAL_Driver/Src/stm32f4xx_hal_tim.c.obj
                0x0800223c                HAL_TIM_PWM_Start
 .text.HAL_TIMEx_MasterConfigSynchronization
                0x08002240       0x6c CMakeFiles/IAP_F411.elf.dir/Drivers/STM32F4xx_HAL_Driver/Src/stm32f4xx_hal_tim_ex.c.obj
                0x08002240                HAL_TIMEx_MasterConfigSynchronization
 .text.UART_SetConfig
                0x080022ac       0xbc CMakeFiles/IAP_F411.elf.dir/Drivers/STM32F4xx_HAL_Driver/Src/stm32f4xx_hal_uart.c.obj
 .text.HAL_UART_Init
                0x08002368       0x5c CMakeFiles/IAP_F411.elf.dir/Drivers/STM32F4xx_HAL_Driver/Src/stm32f4xx_hal_uart.c.obj
                0x08002368                HAL_UART_Init
 .text.delay_init
                0x080023c4       0x2c CMakeFiles/IAP_F411.elf.dir/SYSTEM/delay.c.obj
                0x080023c4                delay_init
 .text.delay_us
                0x080023f0       0x2e CMakeFiles/IAP_F411.elf.dir/SYSTEM/delay.c.obj
                0x080023f0                delay_us
 .text.delay_ms
                0x0800241e       0x18 CMakeFiles/IAP_F411.elf.dir/SYSTEM/delay.c.obj
                0x0800241e                delay_ms
 *fill*         0x08002436        0x2 
 .text.Int2Str  0x08002438       0x34 CMakeFiles/IAP_F411.elf.dir/Ymodem/common.c.obj
                0x08002438                Int2Str
 .text.Str2Int  0x0800246c       0x9a CMakeFiles/IAP_F411.elf.dir/Ymodem/common.c.obj
                0x0800246c                Str2Int
 *fill*         0x08002506        0x2 
 .text.SerialKeyPressed
                0x08002508       0x1c CMakeFiles/IAP_F411.elf.dir/Ymodem/common.c.obj
                0x08002508                SerialKeyPressed
 .text.GetKey   0x08002524       0x1e CMakeFiles/IAP_F411.elf.dir/Ymodem/common.c.obj
                0x08002524                GetKey
 *fill*         0x08002542        0x2 
 .text.SerialPutChar
                0x08002544       0x18 CMakeFiles/IAP_F411.elf.dir/Ymodem/common.c.obj
                0x08002544                SerialPutChar
 .text.Serial_PutString
                0x0800255c       0x12 CMakeFiles/IAP_F411.elf.dir/Ymodem/common.c.obj
                0x0800255c                Serial_PutString
 *fill*         0x0800256e        0x2 
 .text.FLASH_If_Init
                0x08002570       0x14 CMakeFiles/IAP_F411.elf.dir/Ymodem/flash_if.c.obj
                0x08002570                FLASH_If_Init
 .text.FLASH_If_Erase
                0x08002584       0x26 CMakeFiles/IAP_F411.elf.dir/Ymodem/flash_if.c.obj
                0x08002584                FLASH_If_Erase
 .text.FLASH_If_Erase_One_Sector
                0x080025aa       0x24 CMakeFiles/IAP_F411.elf.dir/Ymodem/flash_if.c.obj
                0x080025aa                FLASH_If_Erase_One_Sector
 *fill*         0x080025ce        0x2 
 .text.FLASH_If_GetWriteProtectionStatus
                0x080025d0       0x18 CMakeFiles/IAP_F411.elf.dir/Ymodem/flash_if.c.obj
                0x080025d0                FLASH_If_GetWriteProtectionStatus
 .text.FLASH_OB_DisableWRP
                0x080025e8       0x20 CMakeFiles/IAP_F411.elf.dir/Ymodem/flash_if.c.obj
                0x080025e8                FLASH_OB_DisableWRP
 .text.FLASH_If_DisableWriteProtection
                0x08002608       0x38 CMakeFiles/IAP_F411.elf.dir/Ymodem/flash_if.c.obj
                0x08002608                FLASH_If_DisableWriteProtection
 .text.FLASH_ProgramWord
                0x08002640       0x24 CMakeFiles/IAP_F411.elf.dir/Ymodem/flash_if.c.obj
                0x08002640                FLASH_ProgramWord
 .text.FLASH_If_Write
                0x08002664       0x48 CMakeFiles/IAP_F411.elf.dir/Ymodem/flash_if.c.obj
                0x08002664                FLASH_If_Write
 .text.SerialDownload
                0x080026ac       0xcc CMakeFiles/IAP_F411.elf.dir/Ymodem/menu.c.obj
                0x080026ac                SerialDownload
 .text.Main_Menu
                0x08002778      0x154 CMakeFiles/IAP_F411.elf.dir/Ymodem/menu.c.obj
                0x08002778                Main_Menu
 .text.Receive_Byte
                0x080028cc       0x1c CMakeFiles/IAP_F411.elf.dir/Ymodem/ymodem.c.obj
 .text.Ymodem_Receive
                0x080028e8      0x1d4 CMakeFiles/IAP_F411.elf.dir/Ymodem/ymodem.c.obj
                0x080028e8                Ymodem_Receive
 .text.Reset_Handler
                0x08002abc       0x4c CMakeFiles/IAP_F411.elf.dir/startup_stm32f411xe_gcc.s.obj
                0x08002abc                Reset_Handler
 .text.Default_Handler
                0x08002b08        0x2 CMakeFiles/IAP_F411.elf.dir/startup_stm32f411xe_gcc.s.obj
                0x08002b08                DMA1_Stream3_IRQHandler
                0x08002b08                TIM8_CC_IRQHandler
                0x08002b08                UART8_IRQHandler
                0x08002b08                SPI4_IRQHandler
                0x08002b08                TIM1_CC_IRQHandler
                0x08002b08                DMA2_Stream5_IRQHandler
                0x08002b08                DMA1_Stream5_IRQHandler
                0x08002b08                PVD_IRQHandler
                0x08002b08                SDIO_IRQHandler
                0x08002b08                TAMP_STAMP_IRQHandler
                0x08002b08                CAN2_RX1_IRQHandler
                0x08002b08                EXTI3_IRQHandler
                0x08002b08                TIM8_TRG_COM_TIM14_IRQHandler
                0x08002b08                TIM1_UP_TIM10_IRQHandler
                0x08002b08                TIM8_UP_TIM13_IRQHandler
                0x08002b08                EXTI0_IRQHandler
                0x08002b08                I2C2_EV_IRQHandler
                0x08002b08                DMA1_Stream2_IRQHandler
                0x08002b08                CAN1_RX0_IRQHandler
                0x08002b08                LTDC_ER_IRQHandler
                0x08002b08                CAN2_SCE_IRQHandler
                0x08002b08                DMA2_Stream2_IRQHandler
                0x08002b08                SPI1_IRQHandler
                0x08002b08                TIM6_DAC_IRQHandler
                0x08002b08                TIM1_BRK_TIM9_IRQHandler
                0x08002b08                CAN2_RX0_IRQHandler
                0x08002b08                DMA2_Stream3_IRQHandler
                0x08002b08                USART6_IRQHandler
                0x08002b08                USART3_IRQHandler
                0x08002b08                CAN1_RX1_IRQHandler
                0x08002b08                UART5_IRQHandler
                0x08002b08                DMA2_Stream0_IRQHandler
                0x08002b08                TIM4_IRQHandler
                0x08002b08                I2C1_EV_IRQHandler
                0x08002b08                DMA1_Stream6_IRQHandler
                0x08002b08                DMA1_Stream1_IRQHandler
                0x08002b08                UART4_IRQHandler
                0x08002b08                TIM3_IRQHandler
                0x08002b08                RCC_IRQHandler
                0x08002b08                TIM8_BRK_TIM12_IRQHandler
                0x08002b08                Default_Handler
                0x08002b08                EXTI15_10_IRQHandler
                0x08002b08                ADC_IRQHandler
                0x08002b08                DMA1_Stream7_IRQHandler
                0x08002b08                SPI5_IRQHandler
                0x08002b08                TIM7_IRQHandler
                0x08002b08                CAN2_TX_IRQHandler
                0x08002b08                TIM5_IRQHandler
                0x08002b08                DMA2_Stream7_IRQHandler
                0x08002b08                EXTI9_5_IRQHandler
                0x08002b08                RTC_WKUP_IRQHandler
                0x08002b08                LTDC_IRQHandler
                0x08002b08                ETH_WKUP_IRQHandler
                0x08002b08                SPI2_IRQHandler
                0x08002b08                DMA1_Stream0_IRQHandler
                0x08002b08                CAN1_TX_IRQHandler
                0x08002b08                EXTI4_IRQHandler
                0x08002b08                ETH_IRQHandler
                0x08002b08                WWDG_IRQHandler
                0x08002b08                SPI6_IRQHandler
                0x08002b08                TIM2_IRQHandler
                0x08002b08                OTG_FS_WKUP_IRQHandler
                0x08002b08                TIM1_TRG_COM_TIM11_IRQHandler
                0x08002b08                DMA2D_IRQHandler
                0x08002b08                EXTI1_IRQHandler
                0x08002b08                UART7_IRQHandler
                0x08002b08                USART2_IRQHandler
                0x08002b08                I2C2_ER_IRQHandler
                0x08002b08                DMA2_Stream1_IRQHandler
                0x08002b08                CAN1_SCE_IRQHandler
                0x08002b08                FLASH_IRQHandler
                0x08002b08                DMA2_Stream4_IRQHandler
                0x08002b08                USART1_IRQHandler
                0x08002b08                OTG_FS_IRQHandler
                0x08002b08                SPI3_IRQHandler
                0x08002b08                DMA1_Stream4_IRQHandler
                0x08002b08                I2C1_ER_IRQHandler
                0x08002b08                FMC_IRQHandler
                0x08002b08                DMA2_Stream6_IRQHandler
                0x08002b08                SAI1_IRQHandler
                0x08002b08                RTC_Alarm_IRQHandler
 *fill*         0x08002b0a        0x2 
 .text.__udivmoddi4
                0x08002b0c      0x2f8 /Applications/ArmGNUToolchain/14.3.rel1/arm-none-eabi/bin/../lib/gcc/arm-none-eabi/14.3.1/thumb/v7e-m+fp/hard/libgcc.a(_udivmoddi4.o)
                0x08002b0c                __udivmoddi4
 .text.std      0x08002e04       0x6c /Applications/ArmGNUToolchain/14.3.rel1/arm-none-eabi/bin/../lib/gcc/arm-none-eabi/14.3.1/../../../../arm-none-eabi/lib/thumb/v7e-m+fp/hard/libc_nano.a(libc_a-findfp.o)
 .text.stdio_exit_handler
                0x08002e70       0x18 /Applications/ArmGNUToolchain/14.3.rel1/arm-none-eabi/bin/../lib/gcc/arm-none-eabi/14.3.1/../../../../arm-none-eabi/lib/thumb/v7e-m+fp/hard/libc_nano.a(libc_a-findfp.o)
 .text.cleanup_stdio
                0x08002e88       0x40 /Applications/ArmGNUToolchain/14.3.rel1/arm-none-eabi/bin/../lib/gcc/arm-none-eabi/14.3.1/../../../../arm-none-eabi/lib/thumb/v7e-m+fp/hard/libc_nano.a(libc_a-findfp.o)
 .text.global_stdio_init.part.0
                0x08002ec8       0x40 /Applications/ArmGNUToolchain/14.3.rel1/arm-none-eabi/bin/../lib/gcc/arm-none-eabi/14.3.1/../../../../arm-none-eabi/lib/thumb/v7e-m+fp/hard/libc_nano.a(libc_a-findfp.o)
 .text.__sfp_lock_acquire
                0x08002f08        0xc /Applications/ArmGNUToolchain/14.3.rel1/arm-none-eabi/bin/../lib/gcc/arm-none-eabi/14.3.1/../../../../arm-none-eabi/lib/thumb/v7e-m+fp/hard/libc_nano.a(libc_a-findfp.o)
                0x08002f08                __sfp_lock_acquire
 .text.__sfp_lock_release
                0x08002f14        0xc /Applications/ArmGNUToolchain/14.3.rel1/arm-none-eabi/bin/../lib/gcc/arm-none-eabi/14.3.1/../../../../arm-none-eabi/lib/thumb/v7e-m+fp/hard/libc_nano.a(libc_a-findfp.o)
                0x08002f14                __sfp_lock_release
 .text.__sinit  0x08002f20       0x30 /Applications/ArmGNUToolchain/14.3.rel1/arm-none-eabi/bin/../lib/gcc/arm-none-eabi/14.3.1/../../../../arm-none-eabi/lib/thumb/v7e-m+fp/hard/libc_nano.a(libc_a-findfp.o)
                0x08002f20                __sinit
 .text._fwalk_sglue
                0x08002f50       0x3c /Applications/ArmGNUToolchain/14.3.rel1/arm-none-eabi/bin/../lib/gcc/arm-none-eabi/14.3.1/../../../../arm-none-eabi/lib/thumb/v7e-m+fp/hard/libc_nano.a(libc_a-fwalk.o)
                0x08002f50                _fwalk_sglue
 .text._puts_r  0x08002f8c       0xaa /Applications/ArmGNUToolchain/14.3.rel1/arm-none-eabi/bin/../lib/gcc/arm-none-eabi/14.3.1/../../../../arm-none-eabi/lib/thumb/v7e-m+fp/hard/libc_nano.a(libc_a-puts.o)
                0x08002f8c                _puts_r
 *fill*         0x08003036        0x2 
 .text.puts     0x08003038       0x10 /Applications/ArmGNUToolchain/14.3.rel1/arm-none-eabi/bin/../lib/gcc/arm-none-eabi/14.3.1/../../../../arm-none-eabi/lib/thumb/v7e-m+fp/hard/libc_nano.a(libc_a-puts.o)
                0x08003038                puts
 .text.memset   0x08003048       0x10 /Applications/ArmGNUToolchain/14.3.rel1/arm-none-eabi/bin/../lib/gcc/arm-none-eabi/14.3.1/../../../../arm-none-eabi/lib/thumb/v7e-m+fp/hard/libc_nano.a(libc_a-memset.o)
                0x08003048                memset
 .text.strcat   0x08003058       0x1e /Applications/ArmGNUToolchain/14.3.rel1/arm-none-eabi/bin/../lib/gcc/arm-none-eabi/14.3.1/../../../../arm-none-eabi/lib/thumb/v7e-m+fp/hard/libc_nano.a(libc_a-strcat.o)
                0x08003058                strcat
 .text.__retarget_lock_init_recursive
                0x08003076        0x2 /Applications/ArmGNUToolchain/14.3.rel1/arm-none-eabi/bin/../lib/gcc/arm-none-eabi/14.3.1/../../../../arm-none-eabi/lib/thumb/v7e-m+fp/hard/libc_nano.a(libc_a-lock.o)
                0x08003076                __retarget_lock_init_recursive
 .text.__retarget_lock_acquire_recursive
                0x08003078        0x2 /Applications/ArmGNUToolchain/14.3.rel1/arm-none-eabi/bin/../lib/gcc/arm-none-eabi/14.3.1/../../../../arm-none-eabi/lib/thumb/v7e-m+fp/hard/libc_nano.a(libc_a-lock.o)
                0x08003078                __retarget_lock_acquire_recursive
 .text.__retarget_lock_release_recursive
                0x0800307a        0x2 /Applications/ArmGNUToolchain/14.3.rel1/arm-none-eabi/bin/../lib/gcc/arm-none-eabi/14.3.1/../../../../arm-none-eabi/lib/thumb/v7e-m+fp/hard/libc_nano.a(libc_a-lock.o)
                0x0800307a                __retarget_lock_release_recursive
 .text.strcpy   0x0800307c       0x10 /Applications/ArmGNUToolchain/14.3.rel1/arm-none-eabi/bin/../lib/gcc/arm-none-eabi/14.3.1/../../../../arm-none-eabi/lib/thumb/v7e-m+fp/hard/libc_nano.a(libc_a-strcpy.o)
                0x0800307c                strcpy
 .text.memcpy   0x0800308c       0x1c /Applications/ArmGNUToolchain/14.3.rel1/arm-none-eabi/bin/../lib/gcc/arm-none-eabi/14.3.1/../../../../arm-none-eabi/lib/thumb/v7e-m+fp/hard/libc_nano.a(libc_a-memcpy-stub.o)
                0x0800308c                memcpy
 .text.sbrk_aligned
                0x080030a8       0x44 /Applications/ArmGNUToolchain/14.3.rel1/arm-none-eabi/bin/../lib/gcc/arm-none-eabi/14.3.1/../../../../arm-none-eabi/lib/thumb/v7e-m+fp/hard/libc_nano.a(libc_a-mallocr.o)
 .text._malloc_r
                0x080030ec      0x100 /Applications/ArmGNUToolchain/14.3.rel1/arm-none-eabi/bin/../lib/gcc/arm-none-eabi/14.3.1/../../../../arm-none-eabi/lib/thumb/v7e-m+fp/hard/libc_nano.a(libc_a-mallocr.o)
                0x080030ec                _malloc_r
 .text.__sflush_r
                0x080031ec      0x104 /Applications/ArmGNUToolchain/14.3.rel1/arm-none-eabi/bin/../lib/gcc/arm-none-eabi/14.3.1/../../../../arm-none-eabi/lib/thumb/v7e-m+fp/hard/libc_nano.a(libc_a-fflush.o)
                0x080031ec                __sflush_r
 .text._fflush_r
                0x080032f0       0x50 /Applications/ArmGNUToolchain/14.3.rel1/arm-none-eabi/bin/../lib/gcc/arm-none-eabi/14.3.1/../../../../arm-none-eabi/lib/thumb/v7e-m+fp/hard/libc_nano.a(libc_a-fflush.o)
                0x080032f0                _fflush_r
 .text.__malloc_lock
                0x08003340        0xc /Applications/ArmGNUToolchain/14.3.rel1/arm-none-eabi/bin/../lib/gcc/arm-none-eabi/14.3.1/../../../../arm-none-eabi/lib/thumb/v7e-m+fp/hard/libc_nano.a(libc_a-mlock.o)
                0x08003340                __malloc_lock
 .text.__malloc_unlock
                0x0800334c        0xc /Applications/ArmGNUToolchain/14.3.rel1/arm-none-eabi/bin/../lib/gcc/arm-none-eabi/14.3.1/../../../../arm-none-eabi/lib/thumb/v7e-m+fp/hard/libc_nano.a(libc_a-mlock.o)
                0x0800334c                __malloc_unlock
 .text.__sread  0x08003358       0x22 /Applications/ArmGNUToolchain/14.3.rel1/arm-none-eabi/bin/../lib/gcc/arm-none-eabi/14.3.1/../../../../arm-none-eabi/lib/thumb/v7e-m+fp/hard/libc_nano.a(libc_a-stdio.o)
                0x08003358                __sread
 .text.__swrite
                0x0800337a       0x38 /Applications/ArmGNUToolchain/14.3.rel1/arm-none-eabi/bin/../lib/gcc/arm-none-eabi/14.3.1/../../../../arm-none-eabi/lib/thumb/v7e-m+fp/hard/libc_nano.a(libc_a-stdio.o)
                0x0800337a                __swrite
 .text.__sseek  0x080033b2       0x26 /Applications/ArmGNUToolchain/14.3.rel1/arm-none-eabi/bin/../lib/gcc/arm-none-eabi/14.3.1/../../../../arm-none-eabi/lib/thumb/v7e-m+fp/hard/libc_nano.a(libc_a-stdio.o)
                0x080033b2                __sseek
 .text.__sclose
                0x080033d8        0x8 /Applications/ArmGNUToolchain/14.3.rel1/arm-none-eabi/bin/../lib/gcc/arm-none-eabi/14.3.1/../../../../arm-none-eabi/lib/thumb/v7e-m+fp/hard/libc_nano.a(libc_a-stdio.o)
                0x080033d8                __sclose
 .text.__swbuf_r
                0x080033e0       0x7c /Applications/ArmGNUToolchain/14.3.rel1/arm-none-eabi/bin/../lib/gcc/arm-none-eabi/14.3.1/../../../../arm-none-eabi/lib/thumb/v7e-m+fp/hard/libc_nano.a(libc_a-wbuf.o)
                0x080033e0                __swbuf_r
 .text.__swsetup_r
                0x0800345c       0xa8 /Applications/ArmGNUToolchain/14.3.rel1/arm-none-eabi/bin/../lib/gcc/arm-none-eabi/14.3.1/../../../../arm-none-eabi/lib/thumb/v7e-m+fp/hard/libc_nano.a(libc_a-wsetup.o)
                0x0800345c                __swsetup_r
 .text.__swhatbuf_r
                0x08003504       0x48 /Applications/ArmGNUToolchain/14.3.rel1/arm-none-eabi/bin/../lib/gcc/arm-none-eabi/14.3.1/../../../../arm-none-eabi/lib/thumb/v7e-m+fp/hard/libc_nano.a(libc_a-makebuf.o)
                0x08003504                __swhatbuf_r
 .text.__smakebuf_r
                0x0800354c       0x72 /Applications/ArmGNUToolchain/14.3.rel1/arm-none-eabi/bin/../lib/gcc/arm-none-eabi/14.3.1/../../../../arm-none-eabi/lib/thumb/v7e-m+fp/hard/libc_nano.a(libc_a-makebuf.o)
                0x0800354c                __smakebuf_r
 *fill*         0x080035be        0x2 
 .text._isatty_r
                0x080035c0       0x20 /Applications/ArmGNUToolchain/14.3.rel1/arm-none-eabi/bin/../lib/gcc/arm-none-eabi/14.3.1/../../../../arm-none-eabi/lib/thumb/v7e-m+fp/hard/libc_nano.a(libc_a-isattyr.o)
                0x080035c0                _isatty_r
 .text._lseek_r
                0x080035e0       0x24 /Applications/ArmGNUToolchain/14.3.rel1/arm-none-eabi/bin/../lib/gcc/arm-none-eabi/14.3.1/../../../../arm-none-eabi/lib/thumb/v7e-m+fp/hard/libc_nano.a(libc_a-lseekr.o)
                0x080035e0                _lseek_r
 .text._read_r  0x08003604       0x24 /Applications/ArmGNUToolchain/14.3.rel1/arm-none-eabi/bin/../lib/gcc/arm-none-eabi/14.3.1/../../../../arm-none-eabi/lib/thumb/v7e-m+fp/hard/libc_nano.a(libc_a-readr.o)
                0x08003604                _read_r
 .text._sbrk_r  0x08003628       0x20 /Applications/ArmGNUToolchain/14.3.rel1/arm-none-eabi/bin/../lib/gcc/arm-none-eabi/14.3.1/../../../../arm-none-eabi/lib/thumb/v7e-m+fp/hard/libc_nano.a(libc_a-sbrkr.o)
                0x08003628                _sbrk_r
 .text._write_r
                0x08003648       0x24 /Applications/ArmGNUToolchain/14.3.rel1/arm-none-eabi/bin/../lib/gcc/arm-none-eabi/14.3.1/../../../../arm-none-eabi/lib/thumb/v7e-m+fp/hard/libc_nano.a(libc_a-writer.o)
                0x08003648                _write_r
 .text._close_r
                0x0800366c       0x20 /Applications/ArmGNUToolchain/14.3.rel1/arm-none-eabi/bin/../lib/gcc/arm-none-eabi/14.3.1/../../../../arm-none-eabi/lib/thumb/v7e-m+fp/hard/libc_nano.a(libc_a-closer.o)
                0x0800366c                _close_r
 .text._fstat_r
                0x0800368c       0x24 /Applications/ArmGNUToolchain/14.3.rel1/arm-none-eabi/bin/../lib/gcc/arm-none-eabi/14.3.1/../../../../arm-none-eabi/lib/thumb/v7e-m+fp/hard/libc_nano.a(libc_a-fstatr.o)
                0x0800368c                _fstat_r
 .text._free_r  0x080036b0       0x94 /Applications/ArmGNUToolchain/14.3.rel1/arm-none-eabi/bin/../lib/gcc/arm-none-eabi/14.3.1/../../../../arm-none-eabi/lib/thumb/v7e-m+fp/hard/libc_nano.a(libc_a-freer.o)
                0x080036b0                _free_r
 .text._close   0x08003744       0x10 /Applications/ArmGNUToolchain/14.3.rel1/arm-none-eabi/bin/../lib/gcc/arm-none-eabi/14.3.1/../../../../arm-none-eabi/lib/thumb/v7e-m+fp/hard/libnosys.a(close.o)
                0x08003744                _close
 .text._fstat   0x08003754       0x10 /Applications/ArmGNUToolchain/14.3.rel1/arm-none-eabi/bin/../lib/gcc/arm-none-eabi/14.3.1/../../../../arm-none-eabi/lib/thumb/v7e-m+fp/hard/libnosys.a(fstat.o)
                0x08003754                _fstat
 .text._isatty  0x08003764       0x10 /Applications/ArmGNUToolchain/14.3.rel1/arm-none-eabi/bin/../lib/gcc/arm-none-eabi/14.3.1/../../../../arm-none-eabi/lib/thumb/v7e-m+fp/hard/libnosys.a(isatty.o)
                0x08003764                _isatty
 .text._lseek   0x08003774       0x10 /Applications/ArmGNUToolchain/14.3.rel1/arm-none-eabi/bin/../lib/gcc/arm-none-eabi/14.3.1/../../../../arm-none-eabi/lib/thumb/v7e-m+fp/hard/libnosys.a(lseek.o)
                0x08003774                _lseek
 .text._read    0x08003784       0x10 /Applications/ArmGNUToolchain/14.3.rel1/arm-none-eabi/bin/../lib/gcc/arm-none-eabi/14.3.1/../../../../arm-none-eabi/lib/thumb/v7e-m+fp/hard/libnosys.a(read.o)
                0x08003784                _read
 .text._sbrk    0x08003794       0x1c /Applications/ArmGNUToolchain/14.3.rel1/arm-none-eabi/bin/../lib/gcc/arm-none-eabi/14.3.1/../../../../arm-none-eabi/lib/thumb/v7e-m+fp/hard/libnosys.a(sbrk.o)
                0x08003794                _sbrk
 .text._write   0x080037b0       0x10 /Applications/ArmGNUToolchain/14.3.rel1/arm-none-eabi/bin/../lib/gcc/arm-none-eabi/14.3.1/../../../../arm-none-eabi/lib/thumb/v7e-m+fp/hard/libnosys.a(write.o)
                0x080037b0                _write
 *(.rodata)
 *(.rodata*)
 .rodata.ascii_3216
                0x080037c0     0x17c0 CMakeFiles/IAP_F411.elf.dir/BSP/LCD/lcd.c.obj
                0x080037c0                ascii_3216
 .rodata.ascii_2412
                0x08004f80     0x11d0 CMakeFiles/IAP_F411.elf.dir/BSP/LCD/lcd.c.obj
                0x08004f80                ascii_2412
 .rodata.ascii_1608
                0x08006150      0x5f0 CMakeFiles/IAP_F411.elf.dir/BSP/LCD/lcd.c.obj
                0x08006150                ascii_1608
 .rodata.ascii_1206
                0x08006740      0x474 CMakeFiles/IAP_F411.elf.dir/BSP/LCD/lcd.c.obj
                0x08006740                ascii_1206
 .rodata.main.str1.1
                0x08006bb4      0x641 CMakeFiles/IAP_F411.elf.dir/Core/Src/main.c.obj
                                 0x8a (size before relaxing)
 .rodata.APBPrescTable
                0x080071f5        0x8 CMakeFiles/IAP_F411.elf.dir/Core/Src/system_stm32f4xx.c.obj
                0x080071f5                APBPrescTable
 .rodata.AHBPrescTable
                0x080071fd       0x10 CMakeFiles/IAP_F411.elf.dir/Core/Src/system_stm32f4xx.c.obj
                0x080071fd                AHBPrescTable
 .rodata.SerialDownload.str1.1
                0x0800720d      0x1d6 CMakeFiles/IAP_F411.elf.dir/Ymodem/menu.c.obj
 .rodata.Main_Menu.str1.1
                0x0800720d      0x3ea CMakeFiles/IAP_F411.elf.dir/Ymodem/menu.c.obj
 *(.glue_7)
 .glue_7        0x0800720d        0x0 linker stubs
 *(.glue_7t)
 .glue_7t       0x0800720d        0x0 linker stubs
 *(.eh_frame)
 *(.init)
 *fill*         0x0800720d        0x3 
 .init          0x08007210        0x4 /Applications/ArmGNUToolchain/14.3.rel1/arm-none-eabi/bin/../lib/gcc/arm-none-eabi/14.3.1/thumb/v7e-m+fp/hard/crti.o
                0x08007210                _init
 .init          0x08007214        0x8 /Applications/ArmGNUToolchain/14.3.rel1/arm-none-eabi/bin/../lib/gcc/arm-none-eabi/14.3.1/thumb/v7e-m+fp/hard/crtn.o
 *(.fini)
 .fini          0x0800721c        0x4 /Applications/ArmGNUToolchain/14.3.rel1/arm-none-eabi/bin/../lib/gcc/arm-none-eabi/14.3.1/thumb/v7e-m+fp/hard/crti.o
                0x0800721c                _fini
 .fini          0x08007220        0x8 /Applications/ArmGNUToolchain/14.3.rel1/arm-none-eabi/bin/../lib/gcc/arm-none-eabi/14.3.1/thumb/v7e-m+fp/hard/crtn.o
                0x08007228                        . = ALIGN (0x4)
                0x08007228                        _etext = .

.vfp11_veneer   0x08007228        0x0
 .vfp11_veneer  0x08007228        0x0 linker stubs

.v4_bx          0x08007228        0x0
 .v4_bx         0x08007228        0x0 linker stubs

.iplt           0x08007228        0x0
 .iplt          0x08007228        0x0 CMakeFiles/IAP_F411.elf.dir/BSP/KEY/key.c.obj

.ARM.extab
 *(.ARM.extab* .gnu.linkonce.armextab.*)

.ARM.exidx      0x08007228        0x8
 *(.ARM.exidx* .gnu.linkonce.armexidx.*)
 .ARM.exidx     0x08007228        0x8 /Applications/ArmGNUToolchain/14.3.rel1/arm-none-eabi/bin/../lib/gcc/arm-none-eabi/14.3.1/../../../../arm-none-eabi/lib/thumb/v7e-m+fp/hard/libc_nano.a(libc_a-strcmp.o)
 .ARM.exidx.text.__udivmoddi4
                0x08007230        0x0 /Applications/ArmGNUToolchain/14.3.rel1/arm-none-eabi/bin/../lib/gcc/arm-none-eabi/14.3.1/thumb/v7e-m+fp/hard/libgcc.a(_udivmoddi4.o)
                                  0x8 (size before relaxing)
                0x08007230                        _sidata = LOADADDR (.data)

.rel.dyn        0x08007230        0x0
 .rel.iplt      0x08007230        0x0 CMakeFiles/IAP_F411.elf.dir/BSP/KEY/key.c.obj

.data           0x20000000       0x68 load address 0x08007230
                0x20000000                        . = ALIGN (0x4)
                0x20000000                        _sdata = .
 *(.data)
 *(.data*)
 .data.SystemCoreClock
                0x20000000        0x4 CMakeFiles/IAP_F411.elf.dir/Core/Src/system_stm32f4xx.c.obj
                0x20000000                SystemCoreClock
 .data.uwTickFreq
                0x20000004        0x1 CMakeFiles/IAP_F411.elf.dir/Drivers/STM32F4xx_HAL_Driver/Src/stm32f4xx_hal.c.obj
                0x20000004                uwTickFreq
 *fill*         0x20000005        0x3 
 .data.uwTickPrio
                0x20000008        0x4 CMakeFiles/IAP_F411.elf.dir/Drivers/STM32F4xx_HAL_Driver/Src/stm32f4xx_hal.c.obj
                0x20000008                uwTickPrio
 .data.__sglue  0x2000000c        0xc /Applications/ArmGNUToolchain/14.3.rel1/arm-none-eabi/bin/../lib/gcc/arm-none-eabi/14.3.1/../../../../arm-none-eabi/lib/thumb/v7e-m+fp/hard/libc_nano.a(libc_a-findfp.o)
                0x2000000c                __sglue
 .data._impure_ptr
                0x20000018        0x4 /Applications/ArmGNUToolchain/14.3.rel1/arm-none-eabi/bin/../lib/gcc/arm-none-eabi/14.3.1/../../../../arm-none-eabi/lib/thumb/v7e-m+fp/hard/libc_nano.a(libc_a-impure.o)
                0x20000018                _impure_ptr
 .data._impure_data
                0x2000001c       0x4c /Applications/ArmGNUToolchain/14.3.rel1/arm-none-eabi/bin/../lib/gcc/arm-none-eabi/14.3.1/../../../../arm-none-eabi/lib/thumb/v7e-m+fp/hard/libc_nano.a(libc_a-impure.o)
                0x2000001c                _impure_data
                0x20000068                        . = ALIGN (0x4)
                0x20000068                        _edata = .

.igot.plt       0x20000068        0x0 load address 0x08007298
 .igot.plt      0x20000068        0x0 CMakeFiles/IAP_F411.elf.dir/BSP/KEY/key.c.obj

.bss            0x20000068      0x7b4 load address 0x08007298
                0x20000068                        . = ALIGN (0x4)
                0x20000068                        _sbss = .
 *(.bss)
 *(.bss*)
 .bss.hadc1     0x20000068       0x48 CMakeFiles/IAP_F411.elf.dir/Core/Src/adc.c.obj
                0x20000068                hadc1
 .bss.boot_in_menu_flag
                0x200000b0        0x1 CMakeFiles/IAP_F411.elf.dir/Core/Src/main.c.obj
                0x200000b0                boot_in_menu_flag
 *fill*         0x200000b1        0x3 
 .bss.hspi1     0x200000b4       0x58 CMakeFiles/IAP_F411.elf.dir/Core/Src/spi.c.obj
                0x200000b4                hspi1
 .bss.key1_long_press.0
                0x2000010c        0x2 CMakeFiles/IAP_F411.elf.dir/Core/Src/stm32f4xx_it.c.obj
 *fill*         0x2000010e        0x2 
 .bss.htim3     0x20000110       0x48 CMakeFiles/IAP_F411.elf.dir/Core/Src/tim.c.obj
                0x20000110                htim3
 .bss.huart1    0x20000158       0x44 CMakeFiles/IAP_F411.elf.dir/Core/Src/usart.c.obj
                0x20000158                huart1
 .bss.uwTick    0x2000019c        0x4 CMakeFiles/IAP_F411.elf.dir/Drivers/STM32F4xx_HAL_Driver/Src/stm32f4xx_hal.c.obj
                0x2000019c                uwTick
 .bss.pFlash    0x200001a0       0x20 CMakeFiles/IAP_F411.elf.dir/Drivers/STM32F4xx_HAL_Driver/Src/stm32f4xx_hal_flash.c.obj
                0x200001a0                pFlash
 .bss.FileName  0x200001c0      0x100 CMakeFiles/IAP_F411.elf.dir/Ymodem/menu.c.obj
                0x200001c0                FileName
 .bss.tab_1024  0x200002c0      0x400 CMakeFiles/IAP_F411.elf.dir/Ymodem/menu.c.obj
                0x200002c0                tab_1024
 .bss.FlashProtection
                0x200006c0        0x4 CMakeFiles/IAP_F411.elf.dir/Ymodem/menu.c.obj
                0x200006c0                FlashProtection
 .bss.JumpAddress
                0x200006c4        0x4 CMakeFiles/IAP_F411.elf.dir/Ymodem/menu.c.obj
                0x200006c4                JumpAddress
 .bss.Jump_To_Application
                0x200006c8        0x4 CMakeFiles/IAP_F411.elf.dir/Ymodem/menu.c.obj
                0x200006c8                Jump_To_Application
 .bss.__sf      0x200006cc      0x138 /Applications/ArmGNUToolchain/14.3.rel1/arm-none-eabi/bin/../lib/gcc/arm-none-eabi/14.3.1/../../../../arm-none-eabi/lib/thumb/v7e-m+fp/hard/libc_nano.a(libc_a-findfp.o)
                0x200006cc                __sf
 .bss.__stdio_exit_handler
                0x20000804        0x4 /Applications/ArmGNUToolchain/14.3.rel1/arm-none-eabi/bin/../lib/gcc/arm-none-eabi/14.3.1/../../../../arm-none-eabi/lib/thumb/v7e-m+fp/hard/libc_nano.a(libc_a-findfp.o)
                0x20000804                __stdio_exit_handler
 .bss.__lock___malloc_recursive_mutex
                0x20000808        0x1 /Applications/ArmGNUToolchain/14.3.rel1/arm-none-eabi/bin/../lib/gcc/arm-none-eabi/14.3.1/../../../../arm-none-eabi/lib/thumb/v7e-m+fp/hard/libc_nano.a(libc_a-lock.o)
                0x20000808                __lock___malloc_recursive_mutex
 .bss.__lock___sfp_recursive_mutex
                0x20000809        0x1 /Applications/ArmGNUToolchain/14.3.rel1/arm-none-eabi/bin/../lib/gcc/arm-none-eabi/14.3.1/../../../../arm-none-eabi/lib/thumb/v7e-m+fp/hard/libc_nano.a(libc_a-lock.o)
                0x20000809                __lock___sfp_recursive_mutex
 *fill*         0x2000080a        0x2 
 .bss.__malloc_sbrk_start
                0x2000080c        0x4 /Applications/ArmGNUToolchain/14.3.rel1/arm-none-eabi/bin/../lib/gcc/arm-none-eabi/14.3.1/../../../../arm-none-eabi/lib/thumb/v7e-m+fp/hard/libc_nano.a(libc_a-mallocr.o)
                0x2000080c                __malloc_sbrk_start
 .bss.__malloc_free_list
                0x20000810        0x4 /Applications/ArmGNUToolchain/14.3.rel1/arm-none-eabi/bin/../lib/gcc/arm-none-eabi/14.3.1/../../../../arm-none-eabi/lib/thumb/v7e-m+fp/hard/libc_nano.a(libc_a-mallocr.o)
                0x20000810                __malloc_free_list
 .bss.errno     0x20000814        0x4 /Applications/ArmGNUToolchain/14.3.rel1/arm-none-eabi/bin/../lib/gcc/arm-none-eabi/14.3.1/../../../../arm-none-eabi/lib/thumb/v7e-m+fp/hard/libc_nano.a(libc_a-reent.o)
                0x20000814                errno
 .bss.heap_end.0
                0x20000818        0x4 /Applications/ArmGNUToolchain/14.3.rel1/arm-none-eabi/bin/../lib/gcc/arm-none-eabi/14.3.1/../../../../arm-none-eabi/lib/thumb/v7e-m+fp/hard/libnosys.a(sbrk.o)
 *(COMMON)
                0x2000081c                        . = ALIGN (0x4)
                0x2000081c                        _ebss = .

._user_heap_stack
                0x2000081c      0x604 load address 0x08007298
                0x20000820                        . = ALIGN (0x8)
 *fill*         0x2000081c        0x4 
                0x20000820                        PROVIDE (end = .)
                [!provide]                        PROVIDE (_end = .)
                0x20000a20                        . = (. + 0x200)
 *fill*         0x20000820      0x200 
                0x20000e20                        . = (. + 0x400)
 *fill*         0x20000a20      0x400 
                0x20000e20                        . = ALIGN (0x8)
OUTPUT(IAP_F411.elf elf32-littlearm)
LOAD linker stubs

.ARM.attributes
                0x00000000       0x30
 .ARM.attributes
                0x00000000       0x22 /Applications/ArmGNUToolchain/14.3.rel1/arm-none-eabi/bin/../lib/gcc/arm-none-eabi/14.3.1/thumb/v7e-m+fp/hard/crti.o
 .ARM.attributes
                0x00000022       0x34 CMakeFiles/IAP_F411.elf.dir/BSP/KEY/key.c.obj
 .ARM.attributes
                0x00000056       0x34 CMakeFiles/IAP_F411.elf.dir/BSP/KT6328/KT6328.c.obj
 .ARM.attributes
                0x0000008a       0x34 CMakeFiles/IAP_F411.elf.dir/BSP/LCD/lcd.c.obj
 .ARM.attributes
                0x000000be       0x34 CMakeFiles/IAP_F411.elf.dir/BSP/LCD/lcd_init.c.obj
 .ARM.attributes
                0x000000f2       0x34 CMakeFiles/IAP_F411.elf.dir/BSP/POWER/power.c.obj
 .ARM.attributes
                0x00000126       0x34 CMakeFiles/IAP_F411.elf.dir/Core/Src/adc.c.obj
 .ARM.attributes
                0x0000015a       0x34 CMakeFiles/IAP_F411.elf.dir/Core/Src/gpio.c.obj
 .ARM.attributes
                0x0000018e       0x34 CMakeFiles/IAP_F411.elf.dir/Core/Src/main.c.obj
 .ARM.attributes
                0x000001c2       0x34 CMakeFiles/IAP_F411.elf.dir/Core/Src/spi.c.obj
 .ARM.attributes
                0x000001f6       0x34 CMakeFiles/IAP_F411.elf.dir/Core/Src/stm32f4xx_hal_msp.c.obj
 .ARM.attributes
                0x0000022a       0x34 CMakeFiles/IAP_F411.elf.dir/Core/Src/stm32f4xx_it.c.obj
 .ARM.attributes
                0x0000025e       0x34 CMakeFiles/IAP_F411.elf.dir/Core/Src/system_stm32f4xx.c.obj
 .ARM.attributes
                0x00000292       0x34 CMakeFiles/IAP_F411.elf.dir/Core/Src/tim.c.obj
 .ARM.attributes
                0x000002c6       0x34 CMakeFiles/IAP_F411.elf.dir/Core/Src/usart.c.obj
 .ARM.attributes
                0x000002fa       0x34 CMakeFiles/IAP_F411.elf.dir/Drivers/STM32F4xx_HAL_Driver/Src/stm32f4xx_hal.c.obj
 .ARM.attributes
                0x0000032e       0x34 CMakeFiles/IAP_F411.elf.dir/Drivers/STM32F4xx_HAL_Driver/Src/stm32f4xx_hal_adc.c.obj
 .ARM.attributes
                0x00000362       0x34 CMakeFiles/IAP_F411.elf.dir/Drivers/STM32F4xx_HAL_Driver/Src/stm32f4xx_hal_cortex.c.obj
 .ARM.attributes
                0x00000396       0x34 CMakeFiles/IAP_F411.elf.dir/Drivers/STM32F4xx_HAL_Driver/Src/stm32f4xx_hal_flash.c.obj
 .ARM.attributes
                0x000003ca       0x34 CMakeFiles/IAP_F411.elf.dir/Drivers/STM32F4xx_HAL_Driver/Src/stm32f4xx_hal_flash_ex.c.obj
 .ARM.attributes
                0x000003fe       0x34 CMakeFiles/IAP_F411.elf.dir/Drivers/STM32F4xx_HAL_Driver/Src/stm32f4xx_hal_gpio.c.obj
 .ARM.attributes
                0x00000432       0x34 CMakeFiles/IAP_F411.elf.dir/Drivers/STM32F4xx_HAL_Driver/Src/stm32f4xx_hal_rcc.c.obj
 .ARM.attributes
                0x00000466       0x34 CMakeFiles/IAP_F411.elf.dir/Drivers/STM32F4xx_HAL_Driver/Src/stm32f4xx_hal_spi.c.obj
 .ARM.attributes
                0x0000049a       0x34 CMakeFiles/IAP_F411.elf.dir/Drivers/STM32F4xx_HAL_Driver/Src/stm32f4xx_hal_tim.c.obj
 .ARM.attributes
                0x000004ce       0x34 CMakeFiles/IAP_F411.elf.dir/Drivers/STM32F4xx_HAL_Driver/Src/stm32f4xx_hal_tim_ex.c.obj
 .ARM.attributes
                0x00000502       0x34 CMakeFiles/IAP_F411.elf.dir/Drivers/STM32F4xx_HAL_Driver/Src/stm32f4xx_hal_uart.c.obj
 .ARM.attributes
                0x00000536       0x34 CMakeFiles/IAP_F411.elf.dir/SYSTEM/delay.c.obj
 .ARM.attributes
                0x0000056a       0x34 CMakeFiles/IAP_F411.elf.dir/Ymodem/common.c.obj
 .ARM.attributes
                0x0000059e       0x34 CMakeFiles/IAP_F411.elf.dir/Ymodem/flash_if.c.obj
 .ARM.attributes
                0x000005d2       0x34 CMakeFiles/IAP_F411.elf.dir/Ymodem/menu.c.obj
 .ARM.attributes
                0x00000606       0x34 CMakeFiles/IAP_F411.elf.dir/Ymodem/ymodem.c.obj
 .ARM.attributes
                0x0000063a       0x25 CMakeFiles/IAP_F411.elf.dir/startup_stm32f411xe_gcc.s.obj
 .ARM.attributes
                0x0000065f       0x22 /Applications/ArmGNUToolchain/14.3.rel1/arm-none-eabi/bin/../lib/gcc/arm-none-eabi/14.3.1/thumb/v7e-m+fp/hard/libgcc.a(_aeabi_uldivmod.o)
 .ARM.attributes
                0x00000681       0x34 /Applications/ArmGNUToolchain/14.3.rel1/arm-none-eabi/bin/../lib/gcc/arm-none-eabi/14.3.1/thumb/v7e-m+fp/hard/libgcc.a(_udivmoddi4.o)
 .ARM.attributes
                0x000006b5       0x22 /Applications/ArmGNUToolchain/14.3.rel1/arm-none-eabi/bin/../lib/gcc/arm-none-eabi/14.3.1/thumb/v7e-m+fp/hard/libgcc.a(_dvmd_tls.o)
 .ARM.attributes
                0x000006d7       0x34 /Applications/ArmGNUToolchain/14.3.rel1/arm-none-eabi/bin/../lib/gcc/arm-none-eabi/14.3.1/../../../../arm-none-eabi/lib/thumb/v7e-m+fp/hard/libc_nano.a(libc_a-findfp.o)
 .ARM.attributes
                0x0000070b       0x34 /Applications/ArmGNUToolchain/14.3.rel1/arm-none-eabi/bin/../lib/gcc/arm-none-eabi/14.3.1/../../../../arm-none-eabi/lib/thumb/v7e-m+fp/hard/libc_nano.a(libc_a-fwalk.o)
 .ARM.attributes
                0x0000073f       0x34 /Applications/ArmGNUToolchain/14.3.rel1/arm-none-eabi/bin/../lib/gcc/arm-none-eabi/14.3.1/../../../../arm-none-eabi/lib/thumb/v7e-m+fp/hard/libc_nano.a(libc_a-puts.o)
 .ARM.attributes
                0x00000773       0x34 /Applications/ArmGNUToolchain/14.3.rel1/arm-none-eabi/bin/../lib/gcc/arm-none-eabi/14.3.1/../../../../arm-none-eabi/lib/thumb/v7e-m+fp/hard/libc_nano.a(libc_a-memset.o)
 .ARM.attributes
                0x000007a7       0x34 /Applications/ArmGNUToolchain/14.3.rel1/arm-none-eabi/bin/../lib/gcc/arm-none-eabi/14.3.1/../../../../arm-none-eabi/lib/thumb/v7e-m+fp/hard/libc_nano.a(libc_a-strcat.o)
 .ARM.attributes
                0x000007db       0x34 /Applications/ArmGNUToolchain/14.3.rel1/arm-none-eabi/bin/../lib/gcc/arm-none-eabi/14.3.1/../../../../arm-none-eabi/lib/thumb/v7e-m+fp/hard/libc_nano.a(libc_a-lock.o)
 .ARM.attributes
                0x0000080f       0x34 /Applications/ArmGNUToolchain/14.3.rel1/arm-none-eabi/bin/../lib/gcc/arm-none-eabi/14.3.1/../../../../arm-none-eabi/lib/thumb/v7e-m+fp/hard/libc_nano.a(libc_a-impure.o)
 .ARM.attributes
                0x00000843       0x20 /Applications/ArmGNUToolchain/14.3.rel1/arm-none-eabi/bin/../lib/gcc/arm-none-eabi/14.3.1/../../../../arm-none-eabi/lib/thumb/v7e-m+fp/hard/libc_nano.a(libc_a-strcmp.o)
 .ARM.attributes
                0x00000863       0x34 /Applications/ArmGNUToolchain/14.3.rel1/arm-none-eabi/bin/../lib/gcc/arm-none-eabi/14.3.1/../../../../arm-none-eabi/lib/thumb/v7e-m+fp/hard/libc_nano.a(libc_a-strcpy.o)
 .ARM.attributes
                0x00000897       0x34 /Applications/ArmGNUToolchain/14.3.rel1/arm-none-eabi/bin/../lib/gcc/arm-none-eabi/14.3.1/../../../../arm-none-eabi/lib/thumb/v7e-m+fp/hard/libc_nano.a(libc_a-memcpy-stub.o)
 .ARM.attributes
                0x000008cb       0x34 /Applications/ArmGNUToolchain/14.3.rel1/arm-none-eabi/bin/../lib/gcc/arm-none-eabi/14.3.1/../../../../arm-none-eabi/lib/thumb/v7e-m+fp/hard/libc_nano.a(libc_a-mallocr.o)
 .ARM.attributes
                0x000008ff       0x34 /Applications/ArmGNUToolchain/14.3.rel1/arm-none-eabi/bin/../lib/gcc/arm-none-eabi/14.3.1/../../../../arm-none-eabi/lib/thumb/v7e-m+fp/hard/libc_nano.a(libc_a-fflush.o)
 .ARM.attributes
                0x00000933       0x34 /Applications/ArmGNUToolchain/14.3.rel1/arm-none-eabi/bin/../lib/gcc/arm-none-eabi/14.3.1/../../../../arm-none-eabi/lib/thumb/v7e-m+fp/hard/libc_nano.a(libc_a-mlock.o)
 .ARM.attributes
                0x00000967       0x34 /Applications/ArmGNUToolchain/14.3.rel1/arm-none-eabi/bin/../lib/gcc/arm-none-eabi/14.3.1/../../../../arm-none-eabi/lib/thumb/v7e-m+fp/hard/libc_nano.a(libc_a-stdio.o)
 .ARM.attributes
                0x0000099b       0x34 /Applications/ArmGNUToolchain/14.3.rel1/arm-none-eabi/bin/../lib/gcc/arm-none-eabi/14.3.1/../../../../arm-none-eabi/lib/thumb/v7e-m+fp/hard/libc_nano.a(libc_a-wbuf.o)
 .ARM.attributes
                0x000009cf       0x34 /Applications/ArmGNUToolchain/14.3.rel1/arm-none-eabi/bin/../lib/gcc/arm-none-eabi/14.3.1/../../../../arm-none-eabi/lib/thumb/v7e-m+fp/hard/libc_nano.a(libc_a-wsetup.o)
 .ARM.attributes
                0x00000a03       0x34 /Applications/ArmGNUToolchain/14.3.rel1/arm-none-eabi/bin/../lib/gcc/arm-none-eabi/14.3.1/../../../../arm-none-eabi/lib/thumb/v7e-m+fp/hard/libc_nano.a(libc_a-makebuf.o)
 .ARM.attributes
                0x00000a37       0x34 /Applications/ArmGNUToolchain/14.3.rel1/arm-none-eabi/bin/../lib/gcc/arm-none-eabi/14.3.1/../../../../arm-none-eabi/lib/thumb/v7e-m+fp/hard/libc_nano.a(libc_a-isattyr.o)
 .ARM.attributes
                0x00000a6b       0x34 /Applications/ArmGNUToolchain/14.3.rel1/arm-none-eabi/bin/../lib/gcc/arm-none-eabi/14.3.1/../../../../arm-none-eabi/lib/thumb/v7e-m+fp/hard/libc_nano.a(libc_a-lseekr.o)
 .ARM.attributes
                0x00000a9f       0x34 /Applications/ArmGNUToolchain/14.3.rel1/arm-none-eabi/bin/../lib/gcc/arm-none-eabi/14.3.1/../../../../arm-none-eabi/lib/thumb/v7e-m+fp/hard/libc_nano.a(libc_a-readr.o)
 .ARM.attributes
                0x00000ad3       0x34 /Applications/ArmGNUToolchain/14.3.rel1/arm-none-eabi/bin/../lib/gcc/arm-none-eabi/14.3.1/../../../../arm-none-eabi/lib/thumb/v7e-m+fp/hard/libc_nano.a(libc_a-sbrkr.o)
 .ARM.attributes
                0x00000b07       0x34 /Applications/ArmGNUToolchain/14.3.rel1/arm-none-eabi/bin/../lib/gcc/arm-none-eabi/14.3.1/../../../../arm-none-eabi/lib/thumb/v7e-m+fp/hard/libc_nano.a(libc_a-writer.o)
 .ARM.attributes
                0x00000b3b       0x34 /Applications/ArmGNUToolchain/14.3.rel1/arm-none-eabi/bin/../lib/gcc/arm-none-eabi/14.3.1/../../../../arm-none-eabi/lib/thumb/v7e-m+fp/hard/libc_nano.a(libc_a-closer.o)
 .ARM.attributes
                0x00000b6f       0x34 /Applications/ArmGNUToolchain/14.3.rel1/arm-none-eabi/bin/../lib/gcc/arm-none-eabi/14.3.1/../../../../arm-none-eabi/lib/thumb/v7e-m+fp/hard/libc_nano.a(libc_a-reent.o)
 .ARM.attributes
                0x00000ba3       0x34 /Applications/ArmGNUToolchain/14.3.rel1/arm-none-eabi/bin/../lib/gcc/arm-none-eabi/14.3.1/../../../../arm-none-eabi/lib/thumb/v7e-m+fp/hard/libc_nano.a(libc_a-fstatr.o)
 .ARM.attributes
                0x00000bd7       0x34 /Applications/ArmGNUToolchain/14.3.rel1/arm-none-eabi/bin/../lib/gcc/arm-none-eabi/14.3.1/../../../../arm-none-eabi/lib/thumb/v7e-m+fp/hard/libc_nano.a(libc_a-freer.o)
 .ARM.attributes
                0x00000c0b       0x34 /Applications/ArmGNUToolchain/14.3.rel1/arm-none-eabi/bin/../lib/gcc/arm-none-eabi/14.3.1/../../../../arm-none-eabi/lib/thumb/v7e-m+fp/hard/libnosys.a(close.o)
 .ARM.attributes
                0x00000c3f       0x34 /Applications/ArmGNUToolchain/14.3.rel1/arm-none-eabi/bin/../lib/gcc/arm-none-eabi/14.3.1/../../../../arm-none-eabi/lib/thumb/v7e-m+fp/hard/libnosys.a(fstat.o)
 .ARM.attributes
                0x00000c73       0x34 /Applications/ArmGNUToolchain/14.3.rel1/arm-none-eabi/bin/../lib/gcc/arm-none-eabi/14.3.1/../../../../arm-none-eabi/lib/thumb/v7e-m+fp/hard/libnosys.a(isatty.o)
 .ARM.attributes
                0x00000ca7       0x34 /Applications/ArmGNUToolchain/14.3.rel1/arm-none-eabi/bin/../lib/gcc/arm-none-eabi/14.3.1/../../../../arm-none-eabi/lib/thumb/v7e-m+fp/hard/libnosys.a(lseek.o)
 .ARM.attributes
                0x00000cdb       0x34 /Applications/ArmGNUToolchain/14.3.rel1/arm-none-eabi/bin/../lib/gcc/arm-none-eabi/14.3.1/../../../../arm-none-eabi/lib/thumb/v7e-m+fp/hard/libnosys.a(read.o)
 .ARM.attributes
                0x00000d0f       0x34 /Applications/ArmGNUToolchain/14.3.rel1/arm-none-eabi/bin/../lib/gcc/arm-none-eabi/14.3.1/../../../../arm-none-eabi/lib/thumb/v7e-m+fp/hard/libnosys.a(sbrk.o)
 .ARM.attributes
                0x00000d43       0x34 /Applications/ArmGNUToolchain/14.3.rel1/arm-none-eabi/bin/../lib/gcc/arm-none-eabi/14.3.1/../../../../arm-none-eabi/lib/thumb/v7e-m+fp/hard/libnosys.a(write.o)
 .ARM.attributes
                0x00000d77       0x22 /Applications/ArmGNUToolchain/14.3.rel1/arm-none-eabi/bin/../lib/gcc/arm-none-eabi/14.3.1/thumb/v7e-m+fp/hard/crtn.o

.comment        0x00000000       0x46
 .comment       0x00000000       0x46 CMakeFiles/IAP_F411.elf.dir/BSP/KEY/key.c.obj
                                 0x47 (size before relaxing)
 .comment       0x00000046       0x47 CMakeFiles/IAP_F411.elf.dir/BSP/KT6328/KT6328.c.obj
 .comment       0x00000046       0x47 CMakeFiles/IAP_F411.elf.dir/BSP/LCD/lcd.c.obj
 .comment       0x00000046       0x47 CMakeFiles/IAP_F411.elf.dir/BSP/LCD/lcd_init.c.obj
 .comment       0x00000046       0x47 CMakeFiles/IAP_F411.elf.dir/BSP/POWER/power.c.obj
 .comment       0x00000046       0x47 CMakeFiles/IAP_F411.elf.dir/Core/Src/adc.c.obj
 .comment       0x00000046       0x47 CMakeFiles/IAP_F411.elf.dir/Core/Src/gpio.c.obj
 .comment       0x00000046       0x47 CMakeFiles/IAP_F411.elf.dir/Core/Src/main.c.obj
 .comment       0x00000046       0x47 CMakeFiles/IAP_F411.elf.dir/Core/Src/spi.c.obj
 .comment       0x00000046       0x47 CMakeFiles/IAP_F411.elf.dir/Core/Src/stm32f4xx_hal_msp.c.obj
 .comment       0x00000046       0x47 CMakeFiles/IAP_F411.elf.dir/Core/Src/stm32f4xx_it.c.obj
 .comment       0x00000046       0x47 CMakeFiles/IAP_F411.elf.dir/Core/Src/system_stm32f4xx.c.obj
 .comment       0x00000046       0x47 CMakeFiles/IAP_F411.elf.dir/Core/Src/tim.c.obj
 .comment       0x00000046       0x47 CMakeFiles/IAP_F411.elf.dir/Core/Src/usart.c.obj
 .comment       0x00000046       0x47 CMakeFiles/IAP_F411.elf.dir/Drivers/STM32F4xx_HAL_Driver/Src/stm32f4xx_hal.c.obj
 .comment       0x00000046       0x47 CMakeFiles/IAP_F411.elf.dir/Drivers/STM32F4xx_HAL_Driver/Src/stm32f4xx_hal_adc.c.obj
 .comment       0x00000046       0x47 CMakeFiles/IAP_F411.elf.dir/Drivers/STM32F4xx_HAL_Driver/Src/stm32f4xx_hal_cortex.c.obj
 .comment       0x00000046       0x47 CMakeFiles/IAP_F411.elf.dir/Drivers/STM32F4xx_HAL_Driver/Src/stm32f4xx_hal_flash.c.obj
 .comment       0x00000046       0x47 CMakeFiles/IAP_F411.elf.dir/Drivers/STM32F4xx_HAL_Driver/Src/stm32f4xx_hal_flash_ex.c.obj
 .comment       0x00000046       0x47 CMakeFiles/IAP_F411.elf.dir/Drivers/STM32F4xx_HAL_Driver/Src/stm32f4xx_hal_gpio.c.obj
 .comment       0x00000046       0x47 CMakeFiles/IAP_F411.elf.dir/Drivers/STM32F4xx_HAL_Driver/Src/stm32f4xx_hal_rcc.c.obj
 .comment       0x00000046       0x47 CMakeFiles/IAP_F411.elf.dir/Drivers/STM32F4xx_HAL_Driver/Src/stm32f4xx_hal_spi.c.obj
 .comment       0x00000046       0x47 CMakeFiles/IAP_F411.elf.dir/Drivers/STM32F4xx_HAL_Driver/Src/stm32f4xx_hal_tim.c.obj
 .comment       0x00000046       0x47 CMakeFiles/IAP_F411.elf.dir/Drivers/STM32F4xx_HAL_Driver/Src/stm32f4xx_hal_tim_ex.c.obj
 .comment       0x00000046       0x47 CMakeFiles/IAP_F411.elf.dir/Drivers/STM32F4xx_HAL_Driver/Src/stm32f4xx_hal_uart.c.obj
 .comment       0x00000046       0x47 CMakeFiles/IAP_F411.elf.dir/SYSTEM/delay.c.obj
 .comment       0x00000046       0x47 CMakeFiles/IAP_F411.elf.dir/Ymodem/common.c.obj
 .comment       0x00000046       0x47 CMakeFiles/IAP_F411.elf.dir/Ymodem/flash_if.c.obj
 .comment       0x00000046       0x47 CMakeFiles/IAP_F411.elf.dir/Ymodem/menu.c.obj
 .comment       0x00000046       0x47 CMakeFiles/IAP_F411.elf.dir/Ymodem/ymodem.c.obj

.debug_line_str
                0x00000000      0x1d1
 .debug_line_str
                0x00000000      0x1d1 /Applications/ArmGNUToolchain/14.3.rel1/arm-none-eabi/bin/../lib/gcc/arm-none-eabi/14.3.1/thumb/v7e-m+fp/hard/libgcc.a(_aeabi_uldivmod.o)
                                 0xd2 (size before relaxing)
 .debug_line_str
                0x000001d1       0xd6 /Applications/ArmGNUToolchain/14.3.rel1/arm-none-eabi/bin/../lib/gcc/arm-none-eabi/14.3.1/thumb/v7e-m+fp/hard/libgcc.a(_dvmd_tls.o)
 .debug_line_str
                0x000001d1       0xf3 /Applications/ArmGNUToolchain/14.3.rel1/arm-none-eabi/bin/../lib/gcc/arm-none-eabi/14.3.1/../../../../arm-none-eabi/lib/thumb/v7e-m+fp/hard/libc_nano.a(libc_a-strcmp.o)

.debug_frame    0x00000000      0x820
 .debug_frame   0x00000000       0x2c /Applications/ArmGNUToolchain/14.3.rel1/arm-none-eabi/bin/../lib/gcc/arm-none-eabi/14.3.1/thumb/v7e-m+fp/hard/libgcc.a(_aeabi_uldivmod.o)
 .debug_frame   0x0000002c       0x34 /Applications/ArmGNUToolchain/14.3.rel1/arm-none-eabi/bin/../lib/gcc/arm-none-eabi/14.3.1/thumb/v7e-m+fp/hard/libgcc.a(_udivmoddi4.o)
 .debug_frame   0x00000060      0x144 /Applications/ArmGNUToolchain/14.3.rel1/arm-none-eabi/bin/../lib/gcc/arm-none-eabi/14.3.1/../../../../arm-none-eabi/lib/thumb/v7e-m+fp/hard/libc_nano.a(libc_a-findfp.o)
 .debug_frame   0x000001a4       0x34 /Applications/ArmGNUToolchain/14.3.rel1/arm-none-eabi/bin/../lib/gcc/arm-none-eabi/14.3.1/../../../../arm-none-eabi/lib/thumb/v7e-m+fp/hard/libc_nano.a(libc_a-fwalk.o)
 .debug_frame   0x000001d8       0x3c /Applications/ArmGNUToolchain/14.3.rel1/arm-none-eabi/bin/../lib/gcc/arm-none-eabi/14.3.1/../../../../arm-none-eabi/lib/thumb/v7e-m+fp/hard/libc_nano.a(libc_a-puts.o)
 .debug_frame   0x00000214       0x20 /Applications/ArmGNUToolchain/14.3.rel1/arm-none-eabi/bin/../lib/gcc/arm-none-eabi/14.3.1/../../../../arm-none-eabi/lib/thumb/v7e-m+fp/hard/libc_nano.a(libc_a-memset.o)
 .debug_frame   0x00000234       0x28 /Applications/ArmGNUToolchain/14.3.rel1/arm-none-eabi/bin/../lib/gcc/arm-none-eabi/14.3.1/../../../../arm-none-eabi/lib/thumb/v7e-m+fp/hard/libc_nano.a(libc_a-strcat.o)
 .debug_frame   0x0000025c       0xb0 /Applications/ArmGNUToolchain/14.3.rel1/arm-none-eabi/bin/../lib/gcc/arm-none-eabi/14.3.1/../../../../arm-none-eabi/lib/thumb/v7e-m+fp/hard/libc_nano.a(libc_a-lock.o)
 .debug_frame   0x0000030c       0x20 /Applications/ArmGNUToolchain/14.3.rel1/arm-none-eabi/bin/../lib/gcc/arm-none-eabi/14.3.1/../../../../arm-none-eabi/lib/thumb/v7e-m+fp/hard/libc_nano.a(libc_a-strcmp.o)
 .debug_frame   0x0000032c       0x20 /Applications/ArmGNUToolchain/14.3.rel1/arm-none-eabi/bin/../lib/gcc/arm-none-eabi/14.3.1/../../../../arm-none-eabi/lib/thumb/v7e-m+fp/hard/libc_nano.a(libc_a-strcpy.o)
 .debug_frame   0x0000034c       0x28 /Applications/ArmGNUToolchain/14.3.rel1/arm-none-eabi/bin/../lib/gcc/arm-none-eabi/14.3.1/../../../../arm-none-eabi/lib/thumb/v7e-m+fp/hard/libc_nano.a(libc_a-memcpy-stub.o)
 .debug_frame   0x00000374       0x50 /Applications/ArmGNUToolchain/14.3.rel1/arm-none-eabi/bin/../lib/gcc/arm-none-eabi/14.3.1/../../../../arm-none-eabi/lib/thumb/v7e-m+fp/hard/libc_nano.a(libc_a-mallocr.o)
 .debug_frame   0x000003c4       0x5c /Applications/ArmGNUToolchain/14.3.rel1/arm-none-eabi/bin/../lib/gcc/arm-none-eabi/14.3.1/../../../../arm-none-eabi/lib/thumb/v7e-m+fp/hard/libc_nano.a(libc_a-fflush.o)
 .debug_frame   0x00000420       0x30 /Applications/ArmGNUToolchain/14.3.rel1/arm-none-eabi/bin/../lib/gcc/arm-none-eabi/14.3.1/../../../../arm-none-eabi/lib/thumb/v7e-m+fp/hard/libc_nano.a(libc_a-mlock.o)
 .debug_frame   0x00000450       0x88 /Applications/ArmGNUToolchain/14.3.rel1/arm-none-eabi/bin/../lib/gcc/arm-none-eabi/14.3.1/../../../../arm-none-eabi/lib/thumb/v7e-m+fp/hard/libc_nano.a(libc_a-stdio.o)
 .debug_frame   0x000004d8       0x40 /Applications/ArmGNUToolchain/14.3.rel1/arm-none-eabi/bin/../lib/gcc/arm-none-eabi/14.3.1/../../../../arm-none-eabi/lib/thumb/v7e-m+fp/hard/libc_nano.a(libc_a-wbuf.o)
 .debug_frame   0x00000518       0x2c /Applications/ArmGNUToolchain/14.3.rel1/arm-none-eabi/bin/../lib/gcc/arm-none-eabi/14.3.1/../../../../arm-none-eabi/lib/thumb/v7e-m+fp/hard/libc_nano.a(libc_a-wsetup.o)
 .debug_frame   0x00000544       0x58 /Applications/ArmGNUToolchain/14.3.rel1/arm-none-eabi/bin/../lib/gcc/arm-none-eabi/14.3.1/../../../../arm-none-eabi/lib/thumb/v7e-m+fp/hard/libc_nano.a(libc_a-makebuf.o)
 .debug_frame   0x0000059c       0x2c /Applications/ArmGNUToolchain/14.3.rel1/arm-none-eabi/bin/../lib/gcc/arm-none-eabi/14.3.1/../../../../arm-none-eabi/lib/thumb/v7e-m+fp/hard/libc_nano.a(libc_a-isattyr.o)
 .debug_frame   0x000005c8       0x2c /Applications/ArmGNUToolchain/14.3.rel1/arm-none-eabi/bin/../lib/gcc/arm-none-eabi/14.3.1/../../../../arm-none-eabi/lib/thumb/v7e-m+fp/hard/libc_nano.a(libc_a-lseekr.o)
 .debug_frame   0x000005f4       0x2c /Applications/ArmGNUToolchain/14.3.rel1/arm-none-eabi/bin/../lib/gcc/arm-none-eabi/14.3.1/../../../../arm-none-eabi/lib/thumb/v7e-m+fp/hard/libc_nano.a(libc_a-readr.o)
 .debug_frame   0x00000620       0x2c /Applications/ArmGNUToolchain/14.3.rel1/arm-none-eabi/bin/../lib/gcc/arm-none-eabi/14.3.1/../../../../arm-none-eabi/lib/thumb/v7e-m+fp/hard/libc_nano.a(libc_a-sbrkr.o)
 .debug_frame   0x0000064c       0x2c /Applications/ArmGNUToolchain/14.3.rel1/arm-none-eabi/bin/../lib/gcc/arm-none-eabi/14.3.1/../../../../arm-none-eabi/lib/thumb/v7e-m+fp/hard/libc_nano.a(libc_a-writer.o)
 .debug_frame   0x00000678       0x2c /Applications/ArmGNUToolchain/14.3.rel1/arm-none-eabi/bin/../lib/gcc/arm-none-eabi/14.3.1/../../../../arm-none-eabi/lib/thumb/v7e-m+fp/hard/libc_nano.a(libc_a-closer.o)
 .debug_frame   0x000006a4       0x38 /Applications/ArmGNUToolchain/14.3.rel1/arm-none-eabi/bin/../lib/gcc/arm-none-eabi/14.3.1/../../../../arm-none-eabi/lib/thumb/v7e-m+fp/hard/libc_nano.a(libc_a-reent.o)
 .debug_frame   0x000006dc       0x2c /Applications/ArmGNUToolchain/14.3.rel1/arm-none-eabi/bin/../lib/gcc/arm-none-eabi/14.3.1/../../../../arm-none-eabi/lib/thumb/v7e-m+fp/hard/libc_nano.a(libc_a-fstatr.o)
 .debug_frame   0x00000708       0x38 /Applications/ArmGNUToolchain/14.3.rel1/arm-none-eabi/bin/../lib/gcc/arm-none-eabi/14.3.1/../../../../arm-none-eabi/lib/thumb/v7e-m+fp/hard/libc_nano.a(libc_a-freer.o)
 .debug_frame   0x00000740       0x20 /Applications/ArmGNUToolchain/14.3.rel1/arm-none-eabi/bin/../lib/gcc/arm-none-eabi/14.3.1/../../../../arm-none-eabi/lib/thumb/v7e-m+fp/hard/libnosys.a(close.o)
 .debug_frame   0x00000760       0x20 /Applications/ArmGNUToolchain/14.3.rel1/arm-none-eabi/bin/../lib/gcc/arm-none-eabi/14.3.1/../../../../arm-none-eabi/lib/thumb/v7e-m+fp/hard/libnosys.a(fstat.o)
 .debug_frame   0x00000780       0x20 /Applications/ArmGNUToolchain/14.3.rel1/arm-none-eabi/bin/../lib/gcc/arm-none-eabi/14.3.1/../../../../arm-none-eabi/lib/thumb/v7e-m+fp/hard/libnosys.a(isatty.o)
 .debug_frame   0x000007a0       0x20 /Applications/ArmGNUToolchain/14.3.rel1/arm-none-eabi/bin/../lib/gcc/arm-none-eabi/14.3.1/../../../../arm-none-eabi/lib/thumb/v7e-m+fp/hard/libnosys.a(lseek.o)
 .debug_frame   0x000007c0       0x20 /Applications/ArmGNUToolchain/14.3.rel1/arm-none-eabi/bin/../lib/gcc/arm-none-eabi/14.3.1/../../../../arm-none-eabi/lib/thumb/v7e-m+fp/hard/libnosys.a(read.o)
 .debug_frame   0x000007e0       0x20 /Applications/ArmGNUToolchain/14.3.rel1/arm-none-eabi/bin/../lib/gcc/arm-none-eabi/14.3.1/../../../../arm-none-eabi/lib/thumb/v7e-m+fp/hard/libnosys.a(sbrk.o)
 .debug_frame   0x00000800       0x20 /Applications/ArmGNUToolchain/14.3.rel1/arm-none-eabi/bin/../lib/gcc/arm-none-eabi/14.3.1/../../../../arm-none-eabi/lib/thumb/v7e-m+fp/hard/libnosys.a(write.o)
